Archive member included to satisfy reference by file (symbol)

C:/ST/STM32CubeIDE_2.1.1/STM32CubeIDE/plugins/com.st.stm32cube.ide.mcu.externaltools.gnu-tools-for-stm32.14.3.rel1.win32_1.0.100.202602081740/tools/bin/../lib/gcc/arm-none-eabi/14.3.1/../../../../arm-none-eabi/lib/thumb/v8-m.main+fp/hard\libc_nano.a(libc_a-exit.o)
                              C:/ST/STM32CubeIDE_2.1.1/STM32CubeIDE/plugins/com.st.stm32cube.ide.mcu.externaltools.gnu-tools-for-stm32.14.3.rel1.win32_1.0.100.202602081740/tools/bin/../lib/gcc/arm-none-eabi/14.3.1/../../../../arm-none-eabi/lib/thumb/v8-m.main+fp/hard/crt0.o (exit)
C:/ST/STM32CubeIDE_2.1.1/STM32CubeIDE/plugins/com.st.stm32cube.ide.mcu.externaltools.gnu-tools-for-stm32.14.3.rel1.win32_1.0.100.202602081740/tools/bin/../lib/gcc/arm-none-eabi/14.3.1/../../../../arm-none-eabi/lib/thumb/v8-m.main+fp/hard\libc_nano.a(libc_a-findfp.o)
                              C:/ST/STM32CubeIDE_2.1.1/STM32CubeIDE/plugins/com.st.stm32cube.ide.mcu.externaltools.gnu-tools-for-stm32.14.3.rel1.win32_1.0.100.202602081740/tools/bin/../lib/gcc/arm-none-eabi/14.3.1/../../../../arm-none-eabi/lib/thumb/v8-m.main+fp/hard\libc_nano.a(libc_a-exit.o) (__stdio_exit_handler)
C:/ST/STM32CubeIDE_2.1.1/STM32CubeIDE/plugins/com.st.stm32cube.ide.mcu.externaltools.gnu-tools-for-stm32.14.3.rel1.win32_1.0.100.202602081740/tools/bin/../lib/gcc/arm-none-eabi/14.3.1/../../../../arm-none-eabi/lib/thumb/v8-m.main+fp/hard\libc_nano.a(libc_a-fwalk.o)
                              C:/ST/STM32CubeIDE_2.1.1/STM32CubeIDE/plugins/com.st.stm32cube.ide.mcu.externaltools.gnu-tools-for-stm32.14.3.rel1.win32_1.0.100.202602081740/tools/bin/../lib/gcc/arm-none-eabi/14.3.1/../../../../arm-none-eabi/lib/thumb/v8-m.main+fp/hard\libc_nano.a(libc_a-findfp.o) (_fwalk_sglue)
C:/ST/STM32CubeIDE_2.1.1/STM32CubeIDE/plugins/com.st.stm32cube.ide.mcu.externaltools.gnu-tools-for-stm32.14.3.rel1.win32_1.0.100.202602081740/tools/bin/../lib/gcc/arm-none-eabi/14.3.1/../../../../arm-none-eabi/lib/thumb/v8-m.main+fp/hard\libc_nano.a(libc_a-sprintf.o)
                              ./Core/Src/main.o (sprintf)
C:/ST/STM32CubeIDE_2.1.1/STM32CubeIDE/plugins/com.st.stm32cube.ide.mcu.externaltools.gnu-tools-for-stm32.14.3.rel1.win32_1.0.100.202602081740/tools/bin/../lib/gcc/arm-none-eabi/14.3.1/../../../../arm-none-eabi/lib/thumb/v8-m.main+fp/hard\libc_nano.a(libc_a-stdio.o)
                              C:/ST/STM32CubeIDE_2.1.1/STM32CubeIDE/plugins/com.st.stm32cube.ide.mcu.externaltools.gnu-tools-for-stm32.14.3.rel1.win32_1.0.100.202602081740/tools/bin/../lib/gcc/arm-none-eabi/14.3.1/../../../../arm-none-eabi/lib/thumb/v8-m.main+fp/hard\libc_nano.a(libc_a-findfp.o) (__sread)
C:/ST/STM32CubeIDE_2.1.1/STM32CubeIDE/plugins/com.st.stm32cube.ide.mcu.externaltools.gnu-tools-for-stm32.14.3.rel1.win32_1.0.100.202602081740/tools/bin/../lib/gcc/arm-none-eabi/14.3.1/../../../../arm-none-eabi/lib/thumb/v8-m.main+fp/hard\libc_nano.a(libc_a-memset.o)
                              C:/ST/STM32CubeIDE_2.1.1/STM32CubeIDE/plugins/com.st.stm32cube.ide.mcu.externaltools.gnu-tools-for-stm32.14.3.rel1.win32_1.0.100.202602081740/tools/bin/../lib/gcc/arm-none-eabi/14.3.1/../../../../arm-none-eabi/lib/thumb/v8-m.main+fp/hard/crt0.o (memset)
C:/ST/STM32CubeIDE_2.1.1/STM32CubeIDE/plugins/com.st.stm32cube.ide.mcu.externaltools.gnu-tools-for-stm32.14.3.rel1.win32_1.0.100.202602081740/tools/bin/../lib/gcc/arm-none-eabi/14.3.1/../../../../arm-none-eabi/lib/thumb/v8-m.main+fp/hard\libc_nano.a(libc_a-closer.o)
                              C:/ST/STM32CubeIDE_2.1.1/STM32CubeIDE/plugins/com.st.stm32cube.ide.mcu.externaltools.gnu-tools-for-stm32.14.3.rel1.win32_1.0.100.202602081740/tools/bin/../lib/gcc/arm-none-eabi/14.3.1/../../../../arm-none-eabi/lib/thumb/v8-m.main+fp/hard\libc_nano.a(libc_a-stdio.o) (_close_r)
C:/ST/STM32CubeIDE_2.1.1/STM32CubeIDE/plugins/com.st.stm32cube.ide.mcu.externaltools.gnu-tools-for-stm32.14.3.rel1.win32_1.0.100.202602081740/tools/bin/../lib/gcc/arm-none-eabi/14.3.1/../../../../arm-none-eabi/lib/thumb/v8-m.main+fp/hard\libc_nano.a(libc_a-reent.o)
                              C:/ST/STM32CubeIDE_2.1.1/STM32CubeIDE/plugins/com.st.stm32cube.ide.mcu.externaltools.gnu-tools-for-stm32.14.3.rel1.win32_1.0.100.202602081740/tools/bin/../lib/gcc/arm-none-eabi/14.3.1/../../../../arm-none-eabi/lib/thumb/v8-m.main+fp/hard\libc_nano.a(libc_a-closer.o) (errno)
C:/ST/STM32CubeIDE_2.1.1/STM32CubeIDE/plugins/com.st.stm32cube.ide.mcu.externaltools.gnu-tools-for-stm32.14.3.rel1.win32_1.0.100.202602081740/tools/bin/../lib/gcc/arm-none-eabi/14.3.1/../../../../arm-none-eabi/lib/thumb/v8-m.main+fp/hard\libc_nano.a(libc_a-impure.o)
                              C:/ST/STM32CubeIDE_2.1.1/STM32CubeIDE/plugins/com.st.stm32cube.ide.mcu.externaltools.gnu-tools-for-stm32.14.3.rel1.win32_1.0.100.202602081740/tools/bin/../lib/gcc/arm-none-eabi/14.3.1/../../../../arm-none-eabi/lib/thumb/v8-m.main+fp/hard\libc_nano.a(libc_a-sprintf.o) (_impure_ptr)
[...]
Memory Configuration

Name             Origin             Length             Attributes
RAM              0x20000000         0x000c0000         xrw
SRAM4            0x28000000         0x00004000         xrw
FLASH            0x08000000         0x00200000         xr
*default*        0x00000000         0xffffffff

Linker script and memory map

LOAD C:/ST/STM32CubeIDE_2.1.1/STM32CubeIDE/plugins/com.st.stm32cube.ide.mcu.externaltools.gnu-tools-for-stm32.14.3.rel1.win32_1.0.100.202602081740/tools/bin/../lib/gcc/arm-none-eabi/14.3.1/thumb/v8-m.main+fp/hard/crti.o
LOAD C:/ST/STM32CubeIDE_2.1.1/STM32CubeIDE/plugins/com.st.stm32cube.ide.mcu.externaltools.gnu-tools-for-stm32.14.3.rel1.win32_1.0.100.202602081740/tools/bin/../lib/gcc/arm-none-eabi/14.3.1/thumb/v8-m.main+fp/hard/crtbegin.o
LOAD C:/ST/STM32CubeIDE_2.1.1/STM32CubeIDE/plugins/com.st.stm32cube.ide.mcu.externaltools.gnu-tools-for-stm32.14.3.rel1.win32_1.0.100.202602081740/tools/bin/../lib/gcc/arm-none-eabi/14.3.1/../../../../arm-none-eabi/lib/thumb/v8-m.main+fp/hard/crt0.o
LOAD ./Core/Src/ble_hci.o
LOAD ./Core/Src/lps22hh.o
LOAD ./Core/Src/main.o
LOAD ./Core/Src/stm32u5xx_hal_msp.o
LOAD ./Core/Src/stm32u5xx_it.o
LOAD ./Core/Src/syscalls.o
LOAD ./Core/Src/sysmem.o
LOAD ./Core/Src/system_stm32u5xx.o
LOAD ./Core/Src/veml6030.o
LOAD ./Core/Startup/startup_stm32u585aiixq.o
LOAD ./Drivers/STM32U5xx_HAL_Driver/Src/stm32u5xx_hal.o
LOAD ./Drivers/STM32U5xx_HAL_Driver/Src/stm32u5xx_hal_cortex.o
LOAD ./Drivers/STM32U5xx_HAL_Driver/Src/stm32u5xx_hal_cryp.o
LOAD ./Drivers/STM32U5xx_HAL_Driver/Src/stm32u5xx_hal_cryp_ex.o
LOAD ./Drivers/STM32U5xx_HAL_Driver/Src/stm32u5xx_hal_dma.o
LOAD ./Drivers/STM32U5xx_HAL_Driver/Src/stm32u5xx_hal_dma_ex.o
LOAD ./Drivers/STM32U5xx_HAL_Driver/Src/stm32u5xx_hal_exti.o
LOAD ./Drivers/STM32U5xx_HAL_Driver/Src/stm32u5xx_hal_flash.o
LOAD ./Drivers/STM32U5xx_HAL_Driver/Src/stm32u5xx_hal_flash_ex.o
LOAD ./Drivers/STM32U5xx_HAL_Driver/Src/stm32u5xx_hal_gpio.o
LOAD ./Drivers/STM32U5xx_HAL_Driver/Src/stm32u5xx_hal_gtzc.o
LOAD ./Drivers/STM32U5xx_HAL_Driver/Src/stm32u5xx_hal_i2c.o
LOAD ./Drivers/STM32U5xx_HAL_Driver/Src/stm32u5xx_hal_i2c_ex.o
LOAD ./Drivers/STM32U5xx_HAL_Driver/Src/stm32u5xx_hal_icache.o
LOAD ./Drivers/STM32U5xx_HAL_Driver/Src/stm32u5xx_hal_ospi.o
LOAD ./Drivers/STM32U5xx_HAL_Driver/Src/stm32u5xx_hal_pcd.o
LOAD ./Drivers/STM32U5xx_HAL_Driver/Src/stm32u5xx_hal_pcd_ex.o
LOAD ./Drivers/STM32U5xx_HAL_Driver/Src/stm32u5xx_hal_pwr.o
LOAD ./Drivers/STM32U5xx_HAL_Driver/Src/stm32u5xx_hal_pwr_ex.o
LOAD ./Drivers/STM32U5xx_HAL_Driver/Src/stm32u5xx_hal_rcc.o
LOAD ./Drivers/STM32U5xx_HAL_Driver/Src/stm32u5xx_hal_rcc_ex.o
LOAD ./Drivers/STM32U5xx_HAL_Driver/Src/stm32u5xx_hal_spi.o
LOAD ./Drivers/STM32U5xx_HAL_Driver/Src/stm32u5xx_hal_spi_ex.o
LOAD ./Drivers/STM32U5xx_HAL_Driver/Src/stm32u5xx_hal_uart.o
LOAD ./Drivers/STM32U5xx_HAL_Driver/Src/stm32u5xx_hal_uart_ex.o
LOAD ./Drivers/STM32U5xx_HAL_Driver/Src/stm32u5xx_ll_dlyb.o
LOAD ./Drivers/STM32U5xx_HAL_Driver/Src/stm32u5xx_ll_dma.o
LOAD ./Drivers/STM32U5xx_HAL_Driver/Src/stm32u5xx_ll_exti.o
LOAD ./Drivers/STM32U5xx_HAL_Driver/Src/stm32u5xx_ll_gpio.o
LOAD ./Drivers/STM32U5xx_HAL_Driver/Src/stm32u5xx_ll_lpgpio.o
LOAD ./Drivers/STM32U5xx_HAL_Driver/Src/stm32u5xx_ll_pwr.o
LOAD ./Drivers/STM32U5xx_HAL_Driver/Src/stm32u5xx_ll_ucpd.o
LOAD ./Drivers/STM32U5xx_HAL_Driver/Src/stm32u5xx_ll_usb.o
LOAD ./Drivers/STM32U5xx_HAL_Driver/Src/stm32u5xx_ll_utils.o
START GROUP
LOAD C:/ST/STM32CubeIDE_2.1.1/STM32CubeIDE/plugins/com.st.stm32cube.ide.mcu.externaltools.gnu-tools-for-stm32.14.3.rel1.win32_1.0.100.202602081740/tools/bin/../lib/gcc/arm-none-eabi/14.3.1/../../../../arm-none-eabi/lib/thumb/v8-m.main+fp/hard\libc_nano.a
LOAD C:/ST/STM32CubeIDE_2.1.1/STM32CubeIDE/plugins/com.st.stm32cube.ide.mcu.externaltools.gnu-tools-for-stm32.14.3.rel1.win32_1.0.100.202602081740/tools/bin/../lib/gcc/arm-none-eabi/14.3.1/../../../../arm-none-eabi/lib/thumb/v8-m.main+fp/hard\libm.a
END GROUP
START GROUP
LOAD C:/ST/STM32CubeIDE_2.1.1/STM32CubeIDE/plugins/com.st.stm32cube.ide.mcu.externaltools.gnu-tools-for-stm32.14.3.rel1.win32_1.0.100.202602081740/tools/bin/../lib/gcc/arm-none-eabi/14.3.1/thumb/v8-m.main+fp/hard\libgcc.a
LOAD C:/ST/STM32CubeIDE_2.1.1/STM32CubeIDE/plugins/com.st.stm32cube.ide.mcu.externaltools.gnu-tools-for-stm32.14.3.rel1.win32_1.0.100.202602081740/tools/bin/../lib/gcc/arm-none-eabi/14.3.1/../../../../arm-none-eabi/lib/thumb/v8-m.main+fp/hard\libc_nano.a
END GROUP
START GROUP
LOAD C:/ST/STM32CubeIDE_2.1.1/STM32CubeIDE/plugins/com.st.stm32cube.ide.mcu.externaltools.gnu-tools-for-stm32.14.3.rel1.win32_1.0.100.202602081740/tools/bin/../lib/gcc/arm-none-eabi/14.3.1/thumb/v8-m.main+fp/hard\libgcc.a
LOAD C:/ST/STM32CubeIDE_2.1.1/STM32CubeIDE/plugins/com.st.stm32cube.ide.mcu.externaltools.gnu-tools-for-stm32.14.3.rel1.win32_1.0.100.202602081740/tools/bin/../lib/gcc/arm-none-eabi/14.3.1/../../../../arm-none-eabi/lib/thumb/v8-m.main+fp/hard\libc_nano.a
LOAD C:/ST/STM32CubeIDE_2.1.1/STM32CubeIDE/plugins/com.st.stm32cube.ide.mcu.externaltools.gnu-tools-for-stm32.14.3.rel1.win32_1.0.100.202602081740/tools/bin/../lib/gcc/arm-none-eabi/14.3.1/../../../../arm-none-eabi/lib/thumb/v8-m.main+fp/hard\libnosys.a
END GROUP
START GROUP
LOAD C:/ST/STM32CubeIDE_2.1.1/STM32CubeIDE/plugins/com.st.stm32cube.ide.mcu.externaltools.gnu-tools-for-stm32.14.3.rel1.win32_1.0.100.202602081740/tools/bin/../lib/gcc/arm-none-eabi/14.3.1/thumb/v8-m.main+fp/hard\libgcc.a
LOAD C:/ST/STM32CubeIDE_2.1.1/STM32CubeIDE/plugins/com.st.stm32cube.ide.mcu.externaltools.gnu-tools-for-stm32.14.3.rel1.win32_1.0.100.202602081740/tools/bin/../lib/gcc/arm-none-eabi/14.3.1/../../../../arm-none-eabi/lib/thumb/v8-m.main+fp/hard\libc_nano.a
LOAD C:/ST/STM32CubeIDE_2.1.1/STM32CubeIDE/plugins/com.st.stm32cube.ide.mcu.externaltools.gnu-tools-for-stm32.14.3.rel1.win32_1.0.100.202602081740/tools/bin/../lib/gcc/arm-none-eabi/14.3.1/../../../../arm-none-eabi/lib/thumb/v8-m.main+fp/hard\libnosys.a
END GROUP
LOAD C:/ST/STM32CubeIDE_2.1.1/STM32CubeIDE/plugins/com.st.stm32cube.ide.mcu.externaltools.gnu-tools-for-stm32.14.3.rel1.win32_1.0.100.202602081740/tools/bin/../lib/gcc/arm-none-eabi/14.3.1/thumb/v8-m.main+fp/hard/crtend.o
LOAD C:/ST/STM32CubeIDE_2.1.1/STM32CubeIDE/plugins/com.st.stm32cube.ide.mcu.externaltools.gnu-tools-for-stm32.14.3.rel1.win32_1.0.100.202602081740/tools/bin/../lib/gcc/arm-none-eabi/14.3.1/thumb/v8-m.main+fp/hard/crtn.o
                0x200c0000                        _estack = (ORIGIN (RAM) + LENGTH (RAM))
                0x200bfc00                        _sstack = (_estack - _Min_Stack_Size)
                0x00000200                        _Min_Heap_Size = 0x200
                0x00000400                        _Min_Stack_Size = 0x400

.isr_vector     0x08000000      0x238
 *(.isr_vector)
 .isr_vector    0x08000000      0x238 ./Core/Startup/startup_stm32u585aiixq.o
                0x08000000                g_pfnVectors

.text           0x08000238     0xca50
 *(.text)
 .text          0x08000238       0x40 C:/ST/STM32CubeIDE_2.1.1/STM32CubeIDE/plugins/com.st.stm32cube.ide.mcu.externaltools.gnu-tools-for-stm32.14.3.rel1.win32_1.0.100.202602081740/tools/bin/../lib/gcc/arm-none-eabi/14.3.1/thumb/v8-m.main+fp/hard/crtbegin.o
 .text          0x08000278      0x254 C:/ST/STM32CubeIDE_2.1.1/STM32CubeIDE/plugins/com.st.stm32cube.ide.mcu.externaltools.gnu-tools-for-stm32.14.3.rel1.win32_1.0.100.202602081740/tools/bin/../lib/gcc/arm-none-eabi/14.3.1/thumb/v8-m.main+fp/hard\libgcc.a(_arm_muldf3.o)
                0x08000278                __muldf3
                0x08000278                __aeabi_dmul
 .text          0x080004cc      0x378 C:/ST/STM32CubeIDE_2.1.1/STM32CubeIDE/plugins/com.st.stm32cube.ide.mcu.externaltools.gnu-tools-for-stm32.14.3.rel1.win32_1.0.100.202602081740/tools/bin/../lib/gcc/arm-none-eabi/14.3.1/thumb/v8-m.main+fp/hard\libgcc.a(_arm_addsubdf3.o)
                0x080004cc                __aeabi_drsub
                0x080004d4                __aeabi_dsub
                0x080004d4                __subdf3
                0x080004d8                __aeabi_dadd
                0x080004d8                __adddf3
                0x08000750                __floatunsidf
                0x08000750                __aeabi_ui2d
                0x08000770                __floatsidf
                0x08000770                __aeabi_i2d
                0x08000794                __aeabi_f2d
                0x08000794                __extendsfdf2
                0x080007d8                __floatundidf
                0x080007d8                __aeabi_ul2d
                0x080007e8                __floatdidf
                0x080007e8                __aeabi_l2d
 .text          0x08000844       0x50 C:/ST/STM32CubeIDE_2.1.1/STM32CubeIDE/plugins/com.st.stm32cube.ide.mcu.externaltools.gnu-tools-for-stm32.14.3.rel1.win32_1.0.100.202602081740/tools/bin/../lib/gcc/arm-none-eabi/14.3.1/thumb/v8-m.main+fp/hard\libgcc.a(_arm_fixdfsi.o)
                0x08000844                __aeabi_d2iz
                0x08000844                __fixdfsi
 .text          0x08000894       0x30 C:/ST/STM32CubeIDE_2.1.1/STM32CubeIDE/plugins/com.st.stm32cube.ide.mcu.externaltools.gnu-tools-for-stm32.14.3.rel1.win32_1.0.100.202602081740/tools/bin/../lib/gcc/arm-none-eabi/14.3.1/thumb/v8-m.main+fp/hard\libgcc.a(_aeabi_uldivmod.o)
                0x08000894                __aeabi_uldivmod
 .text          0x080008c4      0x34c C:/ST/STM32CubeIDE_2.1.1/STM32CubeIDE/plugins/com.st.stm32cube.ide.mcu.externaltools.gnu-tools-for-stm32.14.3.rel1.win32_1.0.100.202602081740/tools/bin/../lib/gcc/arm-none-eabi/14.3.1/thumb/v8-m.main+fp/hard\libgcc.a(_udivmoddi4.o)
                0x080008c4                __udivmoddi4
 .text          0x08000c10        0x4 C:/ST/STM32CubeIDE_2.1.1/STM32CubeIDE/plugins/com.st.stm32cube.ide.mcu.externaltools.gnu-tools-for-stm32.14.3.rel1.win32_1.0.100.202602081740/tools/bin/../lib/gcc/arm-none-eabi/14.3.1/thumb/v8-m.main+fp/hard\libgcc.a(_dvmd_tls.o)
                0x08000c10                __aeabi_idiv0
                0x08000c10                __aeabi_ldiv0
 *(.text*)
 .text.BLE_Hardware_Reset
                0x08000c14       0x40 ./Core/Src/ble_hci.o
                0x08000c14                BLE_Hardware_Reset
 .text.BLE_Send_HCI_Reset
                0x08000c54       0x78 ./Core/Src/ble_hci.o
                0x08000c54                BLE_Send_HCI_Reset
 .text.LPS22HH_CheckID
                0x08000ccc       0x44 ./Core/Src/lps22hh.o
 .text.LPS22HH_Init
                0x08000d10       0x72 ./Core/Src/lps22hh.o
                0x08000d10                LPS22HH_Init
 *fill*         0x08000d82        0x2 
 .text.LPS22HH_ReadPressure
                0x08000d84       0x78 ./Core/Src/lps22hh.o
                0x08000d84                LPS22HH_ReadPressure
 .text.LL_AHB2_GRP1_EnableClock
                0x08000dfc       0x38 ./Core/Src/main.o
 .text.LL_APB1_GRP2_EnableClock
                0x08000e34       0x38 ./Core/Src/main.o
 *fill*         0x08000e6c        0x4 
 .text.main     0x08000e70      0x170 ./Core/Src/main.o
                0x08000e70                main
 .text.SystemClock_Config
                0x08000fe0       0xc8 ./Core/Src/main.o
                0x08000fe0                SystemClock_Config
 .text.SystemPower_Config
                0x080010a8       0x1c ./Core/Src/main.o
 .text.MX_AES_Init
                0x080010c4       0x5c ./Core/Src/main.o
 .text.MX_I2C1_Init
                0x08001120       0x80 ./Core/Src/main.o
 .text.MX_I2C2_Init
                0x080011a0       0x80 ./Core/Src/main.o
 .text.MX_ICACHE_Init
                0x08001220       0x26 ./Core/Src/main.o
 *fill*         0x08001246        0x2 
 .text.MX_OCTOSPI1_Init
                0x08001248       0xec ./Core/Src/main.o
 .text.MX_OCTOSPI2_Init
                0x08001334       0xf8 ./Core/Src/main.o
 .text.MX_SPI2_Init
                0x0800142c       0xdc ./Core/Src/main.o
 .text.MX_UART4_Init
                0x08001508       0x98 ./Core/Src/main.o
 .text.MX_USART1_UART_Init
                0x080015a0       0x98 ./Core/Src/main.o
 .text.MX_UCPD1_Init
                0x08001638       0x6c ./Core/Src/main.o
 .text.MX_USB_OTG_FS_PCD_Init
                0x080016a4       0x64 ./Core/Src/main.o
 .text.MX_GPIO_Init
                0x08001708      0x380 ./Core/Src/main.o
 .text.Format_And_Encrypt_Data
                0x08001a88       0xa8 ./Core/Src/main.o
                0x08001a88                Format_And_Encrypt_Data
 .text.Error_Handler
                0x08001b30        0xc ./Core/Src/main.o
                0x08001b30                Error_Handler
 .text.HAL_MspInit
                0x08001b3c       0x38 ./Core/Src/stm32u5xx_hal_msp.o
                0x08001b3c                HAL_MspInit
 .text.HAL_CRYP_MspInit
                0x08001b74       0x44 ./Core/Src/stm32u5xx_hal_msp.o
                0x08001b74                HAL_CRYP_MspInit
 .text.HAL_I2C_MspInit
                0x08001bb8      0x174 ./Core/Src/stm32u5xx_hal_msp.o
                0x08001bb8                HAL_I2C_MspInit
 .text.HAL_OSPI_MspInit
                0x08001d2c      0x358 ./Core/Src/stm32u5xx_hal_msp.o
                0x08001d2c                HAL_OSPI_MspInit
 .text.HAL_SPI_MspInit
                0x08002084      0x120 ./Core/Src/stm32u5xx_hal_msp.o
                0x08002084                HAL_SPI_MspInit
 .text.HAL_UART_MspInit
                0x080021a4      0x170 ./Core/Src/stm32u5xx_hal_msp.o
                0x080021a4                HAL_UART_MspInit
 .text.HAL_PCD_MspInit
                0x08002314      0x118 ./Core/Src/stm32u5xx_hal_msp.o
                0x08002314                HAL_PCD_MspInit
 .text.NMI_Handler
                0x0800242c        0x8 ./Core/Src/stm32u5xx_it.o
                0x0800242c                NMI_Handler
 .text.HardFault_Handler
                0x08002434        0x8 ./Core/Src/stm32u5xx_it.o
                0x08002434                HardFault_Handler
 .text.MemManage_Handler
                0x0800243c        0x8 ./Core/Src/stm32u5xx_it.o
                0x0800243c                MemManage_Handler
 .text.BusFault_Handler
                0x08002444        0x8 ./Core/Src/stm32u5xx_it.o
                0x08002444                BusFault_Handler
 .text.UsageFault_Handler
                0x0800244c        0x8 ./Core/Src/stm32u5xx_it.o
                0x0800244c                UsageFault_Handler
 .text.SVC_Handler
                0x08002454        0xe ./Core/Src/stm32u5xx_it.o
                0x08002454                SVC_Handler
 .text.DebugMon_Handler
                0x08002462        0xe ./Core/Src/stm32u5xx_it.o
                0x08002462                DebugMon_Handler
 .text.PendSV_Handler
                0x08002470        0xe ./Core/Src/stm32u5xx_it.o
                0x08002470                PendSV_Handler
 .text.SysTick_Handler
                0x0800247e        0xc ./Core/Src/stm32u5xx_it.o
                0x0800247e                SysTick_Handler
 *fill*         0x0800248a        0x2 
 .text._sbrk    0x0800248c       0x6c ./Core/Src/sysmem.o
                0x0800248c                _sbrk
 .text.SystemInit
                0x080024f8       0x70 ./Core/Src/system_stm32u5xx.o
                0x080024f8                SystemInit
 .text.VEML6030_PowerOn
                0x08002568       0x3e ./Core/Src/veml6030.o
 .text.VEML6030_Init
                0x080025a6       0x26 ./Core/Src/veml6030.o
                0x080025a6                VEML6030_Init
 .text.VEML6030_ReadLight
                0x080025cc       0x48 ./Core/Src/veml6030.o
                0x080025cc                VEML6030_ReadLight
 .text.Reset_Handler
                0x08002614       0x50 ./Core/Startup/startup_stm32u585aiixq.o
                0x08002614                Reset_Handler
 .text.Default_Handler
                0x08002664        0x2 ./Core/Startup/startup_stm32u585aiixq.o
                0x08002664                EXTI2_IRQHandler
                0x08002664                TIM8_TRG_COM_IRQHandler
                0x08002664                TIM8_CC_IRQHandler
                0x08002664                EXTI5_IRQHandler
                0x08002664                FLASH_S_IRQHandler
                0x08002664                EXTI13_IRQHandler
                0x08002664                TIM1_CC_IRQHandler
                0x08002664                TSC_IRQHandler
                0x08002664                TAMP_IRQHandler
                0x08002664                TIM6_IRQHandler
                0x08002664                EXTI12_IRQHandler
                0x08002664                CORDIC_IRQHandler
                0x08002664                EXTI3_IRQHandler
                0x08002664                LPTIM4_IRQHandler
                0x08002664                GPDMA1_Channel5_IRQHandler
                0x08002664                EXTI8_IRQHandler
                0x08002664                LPTIM2_IRQHandler
                0x08002664                I2C3_ER_IRQHandler
                0x08002664                PWR_S3WU_IRQHandler
                0x08002664                MDF1_FLT2_IRQHandler
                0x08002664                LPDMA1_Channel3_IRQHandler
                0x08002664                LPTIM3_IRQHandler
                0x08002664                EXTI0_IRQHandler
                0x08002664                I2C2_EV_IRQHandler
                0x08002664                FPU_IRQHandler
                0x08002664                GPDMA1_Channel3_IRQHandler
                0x08002664                GPDMA1_Channel7_IRQHandler
                0x08002664                MDF1_FLT4_IRQHandler
                0x08002664                FDCAN1_IT1_IRQHandler
                0x08002664                RAMCFG_IRQHandler
                0x08002664                GPDMA1_Channel9_IRQHandler
                0x08002664                DCACHE1_IRQHandler
                0x08002664                SPI1_IRQHandler
                0x08002664                OCTOSPI1_IRQHandler
                0x08002664                GPDMA1_Channel2_IRQHandler
                0x08002664                TIM8_UP_IRQHandler
                0x08002664                RCC_S_IRQHandler
                0x08002664                OCTOSPI2_IRQHandler
                0x08002664                SAI2_IRQHandler
                0x08002664                MDF1_FLT1_IRQHandler
                0x08002664                ADC1_IRQHandler
                0x08002664                PKA_IRQHandler
                0x08002664                MDF1_FLT5_IRQHandler
                0x08002664                EXTI15_IRQHandler
                0x08002664                TIM17_IRQHandler
                0x08002664                USART3_IRQHandler
                0x08002664                RTC_IRQHandler
                0x08002664                EXTI9_IRQHandler
                0x08002664                UART5_IRQHandler
                0x08002664                TIM4_IRQHandler
                0x08002664                I2C1_EV_IRQHandler
                0x08002664                GPDMA1_Channel12_IRQHandler
                0x08002664                GPDMA1_Channel1_IRQHandler
                0x08002664                TIM16_IRQHandler
                0x08002664                GPDMA1_Channel15_IRQHandler
                0x08002664                UART4_IRQHandler
                0x08002664                SecureFault_Handler
                0x08002664                TIM3_IRQHandler
                0x08002664                RCC_IRQHandler
                0x08002664                TIM1_TRG_COM_IRQHandler
                0x08002664                Default_Handler
                0x08002664                GPDMA1_Channel8_IRQHandler
                0x08002664                FMAC_IRQHandler
                0x08002664                OTFDEC1_IRQHandler
                0x08002664                GPDMA1_Channel11_IRQHandler
                0x08002664                TIM7_IRQHandler
                0x08002664                SDMMC1_IRQHandler
                0x08002664                SAES_IRQHandler
                0x08002664                TIM5_IRQHandler
                0x08002664                UCPD1_IRQHandler
                0x08002664                GPDMA1_Channel0_IRQHandler
                0x08002664                TIM15_IRQHandler
                0x08002664                I2C3_EV_IRQHandler
                0x08002664                LPDMA1_Channel0_IRQHandler
                0x08002664                PVD_PVM_IRQHandler
                0x08002664                SPI2_IRQHandler
                0x08002664                LPDMA1_Channel1_IRQHandler
                0x08002664                EXTI14_IRQHandler
                0x08002664                EXTI11_IRQHandler
                0x08002664                OTFDEC2_IRQHandler
                0x08002664                CRS_IRQHandler
                0x08002664                GPDMA1_Channel14_IRQHandler
                0x08002664                LSECSSD_IRQHandler
                0x08002664                EXTI4_IRQHandler
                0x08002664                RTC_S_IRQHandler
                0x08002664                GPDMA1_Channel13_IRQHandler
                0x08002664                RNG_IRQHandler
                0x08002664                COMP_IRQHandler
                0x08002664                TIM1_UP_IRQHandler
                0x08002664                ADC4_IRQHandler
                0x08002664                WWDG_IRQHandler
                0x08002664                I2C4_EV_IRQHandler
                0x08002664                ADF1_IRQHandler
                0x08002664                IWDG_IRQHandler
                0x08002664                LPUART1_IRQHandler
                0x08002664                MDF1_FLT0_IRQHandler
                0x08002664                FDCAN1_IT0_IRQHandler
                0x08002664                TIM2_IRQHandler
                0x08002664                GPDMA1_Channel4_IRQHandler
                0x08002664                EXTI7_IRQHandler
                0x08002664                DMA2D_IRQHandler
                0x08002664                TIM1_BRK_IRQHandler
                0x08002664                EXTI1_IRQHandler
                0x08002664                SDMMC2_IRQHandler
                0x08002664                AES_IRQHandler
                0x08002664                DAC1_IRQHandler
                0x08002664                GTZC_IRQHandler
                0x08002664                MDF1_FLT3_IRQHandler
                0x08002664                USART2_IRQHandler
                0x08002664                GPDMA1_Channel6_IRQHandler
                0x08002664                I2C2_ER_IRQHandler
                0x08002664                TIM8_BRK_IRQHandler
                0x08002664                FLASH_IRQHandler
                0x08002664                USART1_IRQHandler
                0x08002664                EXTI10_IRQHandler
                0x08002664                OTG_FS_IRQHandler
                0x08002664                SPI3_IRQHandler
                0x08002664                LPDMA1_Channel2_IRQHandler
                0x08002664                I2C1_ER_IRQHandler
                0x08002664                FMC_IRQHandler
                0x08002664                EXTI6_IRQHandler
                0x08002664                LPTIM1_IRQHandler
                0x08002664                DCMI_PSSI_IRQHandler
                0x08002664                I2C4_ER_IRQHandler
                0x08002664                GPDMA1_Channel10_IRQHandler
                0x08002664                ICACHE_IRQHandler
                0x08002664                SAI1_IRQHandler
                0x08002664                HASH_IRQHandler
 *fill*         0x08002666        0x2 
 .text.HAL_Init
                0x08002668       0x60 ./Drivers/STM32U5xx_HAL_Driver/Src/stm32u5xx_hal.o
                0x08002668                HAL_Init
 .text.HAL_InitTick
                0x080026c8       0xec ./Drivers/STM32U5xx_HAL_Driver/Src/stm32u5xx_hal.o
                0x080026c8                HAL_InitTick
 .text.HAL_IncTick
                0x080027b4       0x28 ./Drivers/STM32U5xx_HAL_Driver/Src/stm32u5xx_hal.o
                0x080027b4                HAL_IncTick
 .text.HAL_GetTick
                0x080027dc       0x18 ./Drivers/STM32U5xx_HAL_Driver/Src/stm32u5xx_hal.o
                0x080027dc                HAL_GetTick
 .text.HAL_Delay
                0x080027f4       0x48 ./Drivers/STM32U5xx_HAL_Driver/Src/stm32u5xx_hal.o
                0x080027f4                HAL_Delay
 .text.__NVIC_SetPriorityGrouping
                0x0800283c       0x48 ./Drivers/STM32U5xx_HAL_Driver/Src/stm32u5xx_hal_cortex.o
 .text.__NVIC_GetPriorityGrouping
                0x08002884       0x1c ./Drivers/STM32U5xx_HAL_Driver/Src/stm32u5xx_hal_cortex.o
 .text.__NVIC_SetPriority
                0x080028a0       0x54 ./Drivers/STM32U5xx_HAL_Driver/Src/stm32u5xx_hal_cortex.o
 .text.NVIC_EncodePriority
                0x080028f4       0x66 ./Drivers/STM32U5xx_HAL_Driver/Src/stm32u5xx_hal_cortex.o
 .text.HAL_NVIC_SetPriorityGrouping
                0x0800295a       0x16 ./Drivers/STM32U5xx_HAL_Driver/Src/stm32u5xx_hal_cortex.o
                0x0800295a                HAL_NVIC_SetPriorityGrouping
 .text.HAL_NVIC_SetPriority
                0x08002970       0x34 ./Drivers/STM32U5xx_HAL_Driver/Src/stm32u5xx_hal_cortex.o
                0x08002970                HAL_NVIC_SetPriority
 .text.HAL_SYSTICK_Config
                0x080029a4       0x44 ./Drivers/STM32U5xx_HAL_Driver/Src/stm32u5xx_hal_cortex.o
                0x080029a4                HAL_SYSTICK_Config
 .text.HAL_SYSTICK_CLKSourceConfig
                0x080029e8       0xb0 ./Drivers/STM32U5xx_HAL_Driver/Src/stm32u5xx_hal_cortex.o
                0x080029e8                HAL_SYSTICK_CLKSourceConfig
 .text.HAL_SYSTICK_GetCLKSourceConfig
                0x08002a98       0x74 ./Drivers/STM32U5xx_HAL_Driver/Src/stm32u5xx_hal_cortex.o
                0x08002a98                HAL_SYSTICK_GetCLKSourceConfig
 .text.CRYP_CopyPartialOutputWord
                0x08002b0c       0xc8 ./Drivers/STM32U5xx_HAL_Driver/Src/stm32u5xx_hal_cryp.o
 .text.HAL_CRYP_Init
                0x08002bd4      0x178 ./Drivers/STM32U5xx_HAL_Driver/Src/stm32u5xx_hal_cryp.o
                0x08002bd4                HAL_CRYP_Init
 .text.HAL_CRYP_Encrypt
                0x08002d4c      0x1a8 ./Drivers/STM32U5xx_HAL_Driver/Src/stm32u5xx_hal_cryp.o
                0x08002d4c                HAL_CRYP_Encrypt
 .text.HAL_CRYP_ErrorCallback
                0x08002ef4       0x14 ./Drivers/STM32U5xx_HAL_Driver/Src/stm32u5xx_hal_cryp.o
                0x08002ef4                HAL_CRYP_ErrorCallback
 .text.CRYP_AES_Encrypt
                0x08002f08      0x1e0 ./Drivers/STM32U5xx_HAL_Driver/Src/stm32u5xx_hal_cryp.o
 .text.CRYP_AES_ProcessData
                0x080030e8      0x1d4 ./Drivers/STM32U5xx_HAL_Driver/Src/stm32u5xx_hal_cryp.o
 .text.CRYP_WaitFLAG
                0x080032bc      0x130 ./Drivers/STM32U5xx_HAL_Driver/Src/stm32u5xx_hal_cryp.o
 .text.CRYP_SetKey
                0x080033ec       0xc2 ./Drivers/STM32U5xx_HAL_Driver/Src/stm32u5xx_hal_cryp.o
 .text.CRYP_SetIV
                0x080034ae       0x4c ./Drivers/STM32U5xx_HAL_Driver/Src/stm32u5xx_hal_cryp.o
 *fill*         0x080034fa        0x2 
 .text.CRYP_AESGCM_Process
                0x080034fc      0x434 ./Drivers/STM32U5xx_HAL_Driver/Src/stm32u5xx_hal_cryp.o
 .text.CRYP_AESCCM_Process
                0x08003930      0x41c ./Drivers/STM32U5xx_HAL_Driver/Src/stm32u5xx_hal_cryp.o
 .text.CRYP_GCMCCM_SetHeaderPhase
                0x08003d4c      0x370 ./Drivers/STM32U5xx_HAL_Driver/Src/stm32u5xx_hal_cryp.o
 .text.CRYP_WaitOnCCFlag
                0x080040bc       0x7a ./Drivers/STM32U5xx_HAL_Driver/Src/stm32u5xx_hal_cryp.o
 .text.HAL_DMA_Abort
                0x08004136       0xf8 ./Drivers/STM32U5xx_HAL_Driver/Src/stm32u5xx_hal_dma.o
                0x08004136                HAL_DMA_Abort
 *fill*         0x0800422e        0x2 
 .text.HAL_GPIO_Init
                0x08004230      0x3c0 ./Drivers/STM32U5xx_HAL_Driver/Src/stm32u5xx_hal_gpio.o
                0x08004230                HAL_GPIO_Init
 .text.HAL_GPIO_ReadPin
                0x080045f0       0x30 ./Drivers/STM32U5xx_HAL_Driver/Src/stm32u5xx_hal_gpio.o
                0x080045f0                HAL_GPIO_ReadPin
 .text.HAL_GPIO_WritePin
                0x08004620       0x30 ./Drivers/STM32U5xx_HAL_Driver/Src/stm32u5xx_hal_gpio.o
                0x08004620                HAL_GPIO_WritePin
 .text.HAL_I2C_Init
                0x08004650      0x136 ./Drivers/STM32U5xx_HAL_Driver/Src/stm32u5xx_hal_i2c.o
                0x08004650                HAL_I2C_Init
 *fill*         0x08004786        0x2 
 .text.HAL_I2C_Mem_Write
                0x08004788      0x228 ./Drivers/STM32U5xx_HAL_Driver/Src/stm32u5xx_hal_i2c.o
                0x08004788                HAL_I2C_Mem_Write
 .text.HAL_I2C_Mem_Read
                0x080049b0      0x234 ./Drivers/STM32U5xx_HAL_Driver/Src/stm32u5xx_hal_i2c.o
                0x080049b0                HAL_I2C_Mem_Read
 .text.I2C_RequestMemoryWrite
                0x08004be4       0xa8 ./Drivers/STM32U5xx_HAL_Driver/Src/stm32u5xx_hal_i2c.o
 .text.I2C_RequestMemoryRead
                0x08004c8c       0xa8 ./Drivers/STM32U5xx_HAL_Driver/Src/stm32u5xx_hal_i2c.o
 .text.I2C_Flush_TXDR
                0x08004d34       0x48 ./Drivers/STM32U5xx_HAL_Driver/Src/stm32u5xx_hal_i2c.o
 .text.I2C_WaitOnFlagUntilTimeout
                0x08004d7c       0xb2 ./Drivers/STM32U5xx_HAL_Driver/Src/stm32u5xx_hal_i2c.o
 .text.I2C_WaitOnTXISFlagUntilTimeout
                0x08004e2e       0x8e ./Drivers/STM32U5xx_HAL_Driver/Src/stm32u5xx_hal_i2c.o
 .text.I2C_WaitOnSTOPFlagUntilTimeout
                0x08004ebc       0x86 ./Drivers/STM32U5xx_HAL_Driver/Src/stm32u5xx_hal_i2c.o
 *fill*         0x08004f42        0x2 
 .text.I2C_IsErrorOccurred
                0x08004f44      0x1c0 ./Drivers/STM32U5xx_HAL_Driver/Src/stm32u5xx_hal_i2c.o
 .text.I2C_TransferConfig
                0x08005104       0x64 ./Drivers/STM32U5xx_HAL_Driver/Src/stm32u5xx_hal_i2c.o
 .text.HAL_I2CEx_ConfigAnalogFilter
                0x08005168       0x96 ./Drivers/STM32U5xx_HAL_Driver/Src/stm32u5xx_hal_i2c_ex.o
                0x08005168                HAL_I2CEx_ConfigAnalogFilter
 .text.HAL_I2CEx_ConfigDigitalFilter
                0x080051fe       0x98 ./Drivers/STM32U5xx_HAL_Driver/Src/stm32u5xx_hal_i2c_ex.o
                0x080051fe                HAL_I2CEx_ConfigDigitalFilter
 *fill*         0x08005296        0x2 
 .text.HAL_ICACHE_ConfigAssociativityMode
                0x08005298       0x40 ./Drivers/STM32U5xx_HAL_Driver/Src/stm32u5xx_hal_icache.o
                0x08005298                HAL_ICACHE_ConfigAssociativityMode
 .text.HAL_ICACHE_Enable
                0x080052d8       0x20 ./Drivers/STM32U5xx_HAL_Driver/Src/stm32u5xx_hal_icache.o
                0x080052d8                HAL_ICACHE_Enable
 .text.LL_DLYB_Enable
                0x080052f8       0x20 ./Drivers/STM32U5xx_HAL_Driver/Src/stm32u5xx_hal_ospi.o
 .text.HAL_OSPI_Init
                0x08005318      0x178 ./Drivers/STM32U5xx_HAL_Driver/Src/stm32u5xx_hal_ospi.o
                0x08005318                HAL_OSPI_Init
 .text.HAL_OSPI_Abort
                0x08005490       0xea ./Drivers/STM32U5xx_HAL_Driver/Src/stm32u5xx_hal_ospi.o
                0x08005490                HAL_OSPI_Abort
 .text.HAL_OSPI_SetTimeout
                0x0800557a       0x1e ./Drivers/STM32U5xx_HAL_Driver/Src/stm32u5xx_hal_ospi.o
                0x0800557a                HAL_OSPI_SetTimeout
 .text.HAL_OSPIM_Config
                0x08005598      0x9fc ./Drivers/STM32U5xx_HAL_Driver/Src/stm32u5xx_hal_ospi.o
                0x08005598                HAL_OSPIM_Config
 .text.OSPI_WaitFlagStateUntilTimeout
                0x08005f94       0x7e ./Drivers/STM32U5xx_HAL_Driver/Src/stm32u5xx_hal_ospi.o
 *fill*         0x08006012        0x2 
 .text.OSPIM_GetConfig
                0x08006014      0x174 ./Drivers/STM32U5xx_HAL_Driver/Src/stm32u5xx_hal_ospi.o
 .text.HAL_OSPI_DLYB_SetConfig
                0x08006188       0x90 ./Drivers/STM32U5xx_HAL_Driver/Src/stm32u5xx_hal_ospi.o
                0x08006188                HAL_OSPI_DLYB_SetConfig
 .text.HAL_PCD_Init
                0x08006218      0x230 ./Drivers/STM32U5xx_HAL_Driver/Src/stm32u5xx_hal_pcd.o
                0x08006218                HAL_PCD_Init
 .text.HAL_PCDEx_ActivateLPM
                0x08006448       0x48 ./Drivers/STM32U5xx_HAL_Driver/Src/stm32u5xx_hal_pcd_ex.o
                0x08006448                HAL_PCDEx_ActivateLPM
 .text.HAL_PWREx_ControlVoltageScaling
                0x08006490       0xfc ./Drivers/STM32U5xx_HAL_Driver/Src/stm32u5xx_hal_pwr_ex.o
                0x08006490                HAL_PWREx_ControlVoltageScaling
 .text.HAL_PWREx_GetVoltageRange
                0x0800658c       0x1c ./Drivers/STM32U5xx_HAL_Driver/Src/stm32u5xx_hal_pwr_ex.o
                0x0800658c                HAL_PWREx_GetVoltageRange
 .text.HAL_PWREx_ConfigSupply
                0x080065a8       0xa0 ./Drivers/STM32U5xx_HAL_Driver/Src/stm32u5xx_hal_pwr_ex.o
                0x080065a8                HAL_PWREx_ConfigSupply
 .text.HAL_PWREx_EnableVddUSB
                0x08006648       0x20 ./Drivers/STM32U5xx_HAL_Driver/Src/stm32u5xx_hal_pwr_ex.o
                0x08006648                HAL_PWREx_EnableVddUSB
 .text.HAL_PWREx_EnableVddIO2
                0x08006668       0x20 ./Drivers/STM32U5xx_HAL_Driver/Src/stm32u5xx_hal_pwr_ex.o
                0x08006668                HAL_PWREx_EnableVddIO2
 .text.HAL_RCC_OscConfig
                0x08006688      0xdb8 ./Drivers/STM32U5xx_HAL_Driver/Src/stm32u5xx_hal_rcc.o
                0x08006688                HAL_RCC_OscConfig
 .text.HAL_RCC_ClockConfig
                0x08007440      0x3e4 ./Drivers/STM32U5xx_HAL_Driver/Src/stm32u5xx_hal_rcc.o
                0x08007440                HAL_RCC_ClockConfig
 .text.HAL_RCC_GetSysClockFreq
                0x08007824      0x204 ./Drivers/STM32U5xx_HAL_Driver/Src/stm32u5xx_hal_rcc.o
                0x08007824                HAL_RCC_GetSysClockFreq
 .text.HAL_RCC_GetHCLKFreq
                0x08007a28       0x34 ./Drivers/STM32U5xx_HAL_Driver/Src/stm32u5xx_hal_rcc.o
                0x08007a28                HAL_RCC_GetHCLKFreq
 .text.HAL_RCC_GetPCLK1Freq
                0x08007a5c       0x28 ./Drivers/STM32U5xx_HAL_Driver/Src/stm32u5xx_hal_rcc.o
                0x08007a5c                HAL_RCC_GetPCLK1Freq
 .text.HAL_RCC_GetPCLK2Freq
                0x08007a84       0x28 ./Drivers/STM32U5xx_HAL_Driver/Src/stm32u5xx_hal_rcc.o
                0x08007a84                HAL_RCC_GetPCLK2Freq
 .text.HAL_RCC_GetPCLK3Freq
                0x08007aac       0x28 ./Drivers/STM32U5xx_HAL_Driver/Src/stm32u5xx_hal_rcc.o
                0x08007aac                HAL_RCC_GetPCLK3Freq
 .text.RCC_SetFlashLatencyFromMSIRange
                0x08007ad4      0x10c ./Drivers/STM32U5xx_HAL_Driver/Src/stm32u5xx_hal_rcc.o
 .text.HAL_RCCEx_PeriphCLKConfig
                0x08007be0      0xb80 ./Drivers/STM32U5xx_HAL_Driver/Src/stm32u5xx_hal_rcc_ex.o
                0x08007be0                HAL_RCCEx_PeriphCLKConfig
 .text.HAL_RCCEx_GetPLL1ClockFreq
                0x08008760      0x2b4 ./Drivers/STM32U5xx_HAL_Driver/Src/stm32u5xx_hal_rcc_ex.o
                0x08008760                HAL_RCCEx_GetPLL1ClockFreq
 .text.HAL_RCCEx_GetPLL2ClockFreq
                0x08008a14      0x2b4 ./Drivers/STM32U5xx_HAL_Driver/Src/stm32u5xx_hal_rcc_ex.o
                0x08008a14                HAL_RCCEx_GetPLL2ClockFreq
 .text.HAL_RCCEx_GetPLL3ClockFreq
                0x08008cc8      0x2b4 ./Drivers/STM32U5xx_HAL_Driver/Src/stm32u5xx_hal_rcc_ex.o
                0x08008cc8                HAL_RCCEx_GetPLL3ClockFreq
 .text.HAL_RCCEx_GetPeriphCLKFreq
                0x08008f7c     0x13c4 ./Drivers/STM32U5xx_HAL_Driver/Src/stm32u5xx_hal_rcc_ex.o
                0x08008f7c                HAL_RCCEx_GetPeriphCLKFreq
 .text.RCCEx_PLL2_Config
                0x0800a340      0x130 ./Drivers/STM32U5xx_HAL_Driver/Src/stm32u5xx_hal_rcc_ex.o
 .text.RCCEx_PLL3_Config
                0x0800a470      0x130 ./Drivers/STM32U5xx_HAL_Driver/Src/stm32u5xx_hal_rcc_ex.o
 .text.HAL_SPI_Init
                0x0800a5a0      0x22c ./Drivers/STM32U5xx_HAL_Driver/Src/stm32u5xx_hal_spi.o
                0x0800a5a0                HAL_SPI_Init
 .text.HAL_SPI_Transmit
                0x0800a7cc      0x428 ./Drivers/STM32U5xx_HAL_Driver/Src/stm32u5xx_hal_spi.o
                0x0800a7cc                HAL_SPI_Transmit
 .text.SPI_CloseTransfer
                0x0800abf4      0x140 ./Drivers/STM32U5xx_HAL_Driver/Src/stm32u5xx_hal_spi.o
 .text.SPI_WaitOnFlagUntilTimeout
                0x0800ad34       0x5c ./Drivers/STM32U5xx_HAL_Driver/Src/stm32u5xx_hal_spi.o
 .text.SPI_GetPacketSize
                0x0800ad90       0x36 ./Drivers/STM32U5xx_HAL_Driver/Src/stm32u5xx_hal_spi.o
 .text.HAL_SPIEx_SetConfigAutonomousMode
                0x0800adc6       0x82 ./Drivers/STM32U5xx_HAL_Driver/Src/stm32u5xx_hal_spi_ex.o
                0x0800adc6                HAL_SPIEx_SetConfigAutonomousMode
 .text.HAL_UART_Init
                0x0800ae48       0xa0 ./Drivers/STM32U5xx_HAL_Driver/Src/stm32u5xx_hal_uart.o
                0x0800ae48                HAL_UART_Init
 .text.HAL_UART_Transmit
                0x0800aee8      0x150 ./Drivers/STM32U5xx_HAL_Driver/Src/stm32u5xx_hal_uart.o
                0x0800aee8                HAL_UART_Transmit
 .text.UART_SetConfig
                0x0800b038      0x344 ./Drivers/STM32U5xx_HAL_Driver/Src/stm32u5xx_hal_uart.o
                0x0800b038                UART_SetConfig
 .text.UART_AdvFeatureConfig
                0x0800b37c      0x144 ./Drivers/STM32U5xx_HAL_Driver/Src/stm32u5xx_hal_uart.o
                0x0800b37c                UART_AdvFeatureConfig
 .text.UART_CheckIdleState
                0x0800b4c0      0x154 ./Drivers/STM32U5xx_HAL_Driver/Src/stm32u5xx_hal_uart.o
                0x0800b4c0                UART_CheckIdleState
 .text.UART_WaitOnFlagUntilTimeout
                0x0800b614       0xda ./Drivers/STM32U5xx_HAL_Driver/Src/stm32u5xx_hal_uart.o
                0x0800b614                UART_WaitOnFlagUntilTimeout
 .text.UART_EndRxTransfer
                0x0800b6ee       0xcc ./Drivers/STM32U5xx_HAL_Driver/Src/stm32u5xx_hal_uart.o
 .text.HAL_UARTEx_DisableFifoMode
                0x0800b7ba       0x72 ./Drivers/STM32U5xx_HAL_Driver/Src/stm32u5xx_hal_uart_ex.o
                0x0800b7ba                HAL_UARTEx_DisableFifoMode
 .text.HAL_UARTEx_SetTxFifoThreshold
                0x0800b82c       0x7c ./Drivers/STM32U5xx_HAL_Driver/Src/stm32u5xx_hal_uart_ex.o
                0x0800b82c                HAL_UARTEx_SetTxFifoThreshold
 .text.HAL_UARTEx_SetRxFifoThreshold
                0x0800b8a8       0x7c ./Drivers/STM32U5xx_HAL_Driver/Src/stm32u5xx_hal_uart_ex.o
                0x0800b8a8                HAL_UARTEx_SetRxFifoThreshold
 .text.UARTEx_SetNbDataToProcess
                0x0800b924       0x9c ./Drivers/STM32U5xx_HAL_Driver/Src/stm32u5xx_hal_uart_ex.o
 .text.LL_DLYB_SetDelay
                0x0800b9c0       0x3e ./Drivers/STM32U5xx_HAL_Driver/Src/stm32u5xx_ll_dlyb.o
                0x0800b9c0                LL_DLYB_SetDelay
 .text.LL_GPIO_SetPinMode
                0x0800b9fe       0x7a ./Drivers/STM32U5xx_HAL_Driver/Src/stm32u5xx_ll_gpio.o
 .text.LL_GPIO_SetPinOutputType
                0x0800ba78       0x30 ./Drivers/STM32U5xx_HAL_Driver/Src/stm32u5xx_ll_gpio.o
 .text.LL_GPIO_SetPinSpeed
                0x0800baa8       0x7a ./Drivers/STM32U5xx_HAL_Driver/Src/stm32u5xx_ll_gpio.o
 .text.LL_GPIO_SetPinPull
                0x0800bb22       0x7a ./Drivers/STM32U5xx_HAL_Driver/Src/stm32u5xx_ll_gpio.o
 .text.LL_GPIO_SetAFPin_0_7
                0x0800bb9c       0x7a ./Drivers/STM32U5xx_HAL_Driver/Src/stm32u5xx_ll_gpio.o
 .text.LL_GPIO_SetAFPin_8_15
                0x0800bc16       0x7e ./Drivers/STM32U5xx_HAL_Driver/Src/stm32u5xx_ll_gpio.o
 .text.LL_GPIO_Init
                0x0800bc94       0xfc ./Drivers/STM32U5xx_HAL_Driver/Src/stm32u5xx_ll_gpio.o
                0x0800bc94                LL_GPIO_Init
 .text.USB_CoreInit
                0x0800bd90       0x5a ./Drivers/STM32U5xx_HAL_Driver/Src/stm32u5xx_ll_usb.o
                0x0800bd90                USB_CoreInit
 .text.USB_DisableGlobalInt
                0x0800bdea       0x22 ./Drivers/STM32U5xx_HAL_Driver/Src/stm32u5xx_ll_usb.o
                0x0800bdea                USB_DisableGlobalInt
 .text.USB_SetCurrentMode
                0x0800be0c       0x98 ./Drivers/STM32U5xx_HAL_Driver/Src/stm32u5xx_ll_usb.o
                0x0800be0c                USB_SetCurrentMode
 .text.USB_DevInit
                0x0800bea4      0x298 ./Drivers/STM32U5xx_HAL_Driver/Src/stm32u5xx_ll_usb.o
                0x0800bea4                USB_DevInit
 .text.USB_FlushTxFifo
                0x0800c13c       0x64 ./Drivers/STM32U5xx_HAL_Driver/Src/stm32u5xx_ll_usb.o
                0x0800c13c                USB_FlushTxFifo
 .text.USB_FlushRxFifo
                0x0800c1a0       0x5c ./Drivers/STM32U5xx_HAL_Driver/Src/stm32u5xx_ll_usb.o
                0x0800c1a0                USB_FlushRxFifo
 .text.USB_SetDevSpeed
                0x0800c1fc       0x32 ./Drivers/STM32U5xx_HAL_Driver/Src/stm32u5xx_ll_usb.o
                0x0800c1fc                USB_SetDevSpeed
 .text.USB_DevDisconnect
                0x0800c22e       0x42 ./Drivers/STM32U5xx_HAL_Driver/Src/stm32u5xx_ll_usb.o
                0x0800c22e                USB_DevDisconnect
 .text.USB_GetMode
                0x0800c270       0x1c ./Drivers/STM32U5xx_HAL_Driver/Src/stm32u5xx_ll_usb.o
                0x0800c270                USB_GetMode
 .text.USB_CoreReset
                0x0800c28c       0x70 ./Drivers/STM32U5xx_HAL_Driver/Src/stm32u5xx_ll_usb.o
 .text.sprintf  0x0800c2fc       0x44 C:/ST/STM32CubeIDE_2.1.1/STM32CubeIDE/plugins/com.st.stm32cube.ide.mcu.externaltools.gnu-tools-for-stm32.14.3.rel1.win32_1.0.100.202602081740/tools/bin/../lib/gcc/arm-none-eabi/14.3.1/../../../../arm-none-eabi/lib/thumb/v8-m.main+fp/hard\libc_nano.a(libc_a-sprintf.o)
                0x0800c2fc                siprintf
                0x0800c2fc                sprintf
 .text.memset   0x0800c340       0x10 C:/ST/STM32CubeIDE_2.1.1/STM32CubeIDE/plugins/com.st.stm32cube.ide.mcu.externaltools.gnu-tools-for-stm32.14.3.rel1.win32_1.0.100.202602081740/tools/bin/../lib/gcc/arm-none-eabi/14.3.1/../../../../arm-none-eabi/lib/thumb/v8-m.main+fp/hard\libc_nano.a(libc_a-memset.o)
                0x0800c340                memset
 .text.__errno  0x0800c350        0xc C:/ST/STM32CubeIDE_2.1.1/STM32CubeIDE/plugins/com.st.stm32cube.ide.mcu.externaltools.gnu-tools-for-stm32.14.3.rel1.win32_1.0.100.202602081740/tools/bin/../lib/gcc/arm-none-eabi/14.3.1/../../../../arm-none-eabi/lib/thumb/v8-m.main+fp/hard\libc_nano.a(libc_a-errno.o)
                0x0800c350                __errno
 .text.__libc_init_array
                0x0800c35c       0x48 C:/ST/STM32CubeIDE_2.1.1/STM32CubeIDE/plugins/com.st.stm32cube.ide.mcu.externaltools.gnu-tools-for-stm32.14.3.rel1.win32_1.0.100.202602081740/tools/bin/../lib/gcc/arm-none-eabi/14.3.1/../../../../arm-none-eabi/lib/thumb/v8-m.main+fp/hard\libc_nano.a(libc_a-init.o)
                0x0800c35c                __libc_init_array
 .text.__retarget_lock_acquire_recursive
                0x0800c3a4        0x2 C:/ST/STM32CubeIDE_2.1.1/STM32CubeIDE/plugins/com.st.stm32cube.ide.mcu.externaltools.gnu-tools-for-stm32.14.3.rel1.win32_1.0.100.202602081740/tools/bin/../lib/gcc/arm-none-eabi/14.3.1/../../../../arm-none-eabi/lib/thumb/v8-m.main+fp/hard\libc_nano.a(libc_a-lock.o)
                0x0800c3a4                __retarget_lock_acquire_recursive
 .text.__retarget_lock_release_recursive
                0x0800c3a6        0x2 C:/ST/STM32CubeIDE_2.1.1/STM32CubeIDE/plugins/com.st.stm32cube.ide.mcu.externaltools.gnu-tools-for-stm32.14.3.rel1.win32_1.0.100.202602081740/tools/bin/../lib/gcc/arm-none-eabi/14.3.1/../../../../arm-none-eabi/lib/thumb/v8-m.main+fp/hard\libc_nano.a(libc_a-lock.o)
                0x0800c3a6                __retarget_lock_release_recursive
 .text._free_r  0x0800c3a8       0x94 C:/ST/STM32CubeIDE_2.1.1/STM32CubeIDE/plugins/com.st.stm32cube.ide.mcu.externaltools.gnu-tools-for-stm32.14.3.rel1.win32_1.0.100.202602081740/tools/bin/../lib/gcc/arm-none-eabi/14.3.1/../../../../arm-none-eabi/lib/thumb/v8-m.main+fp/hard\libc_nano.a(libc_a-freer.o)
                0x0800c3a8                _free_r
 .text.sbrk_aligned
                0x0800c43c       0x44 C:/ST/STM32CubeIDE_2.1.1/STM32CubeIDE/plugins/com.st.stm32cube.ide.mcu.externaltools.gnu-tools-for-stm32.14.3.rel1.win32_1.0.100.202602081740/tools/bin/../lib/gcc/arm-none-eabi/14.3.1/../../../../arm-none-eabi/lib/thumb/v8-m.main+fp/hard\libc_nano.a(libc_a-mallocr.o)
 .text._malloc_r
                0x0800c480      0x100 C:/ST/STM32CubeIDE_2.1.1/STM32CubeIDE/plugins/com.st.stm32cube.ide.mcu.externaltools.gnu-tools-for-stm32.14.3.rel1.win32_1.0.100.202602081740/tools/bin/../lib/gcc/arm-none-eabi/14.3.1/../../../../arm-none-eabi/lib/thumb/v8-m.main+fp/hard\libc_nano.a(libc_a-mallocr.o)
                0x0800c480                _malloc_r
 .text.__malloc_lock
                0x0800c580        0xc C:/ST/STM32CubeIDE_2.1.1/STM32CubeIDE/plugins/com.st.stm32cube.ide.mcu.externaltools.gnu-tools-for-stm32.14.3.rel1.win32_1.0.100.202602081740/tools/bin/../lib/gcc/arm-none-eabi/14.3.1/../../../../arm-none-eabi/lib/thumb/v8-m.main+fp/hard\libc_nano.a(libc_a-mlock.o)
                0x0800c580                __malloc_lock
 .text.__malloc_unlock
                0x0800c58c        0xc C:/ST/STM32CubeIDE_2.1.1/STM32CubeIDE/plugins/com.st.stm32cube.ide.mcu.externaltools.gnu-tools-for-stm32.14.3.rel1.win32_1.0.100.202602081740/tools/bin/../lib/gcc/arm-none-eabi/14.3.1/../../../../arm-none-eabi/lib/thumb/v8-m.main+fp/hard\libc_nano.a(libc_a-mlock.o)
                0x0800c58c                __malloc_unlock
 .text.__ssputs_r
                0x0800c598       0xc0 C:/ST/STM32CubeIDE_2.1.1/STM32CubeIDE/plugins/com.st.stm32cube.ide.mcu.externaltools.gnu-tools-for-stm32.14.3.rel1.win32_1.0.100.202602081740/tools/bin/../lib/gcc/arm-none-eabi/14.3.1/../../../../arm-none-eabi/lib/thumb/v8-m.main+fp/hard\libc_nano.a(libc_a-nano-svfprintf.o)
                0x0800c598                __ssputs_r
 .text._svfprintf_r
                0x0800c658      0x1f0 C:/ST/STM32CubeIDE_2.1.1/STM32CubeIDE/plugins/com.st.stm32cube.ide.mcu.externaltools.gnu-tools-for-stm32.14.3.rel1.win32_1.0.100.202602081740/tools/bin/../lib/gcc/arm-none-eabi/14.3.1/../../../../arm-none-eabi/lib/thumb/v8-m.main+fp/hard\libc_nano.a(libc_a-nano-svfprintf.o)
                0x0800c658                _svfiprintf_r
                0x0800c658                _svfprintf_r
 .text._printf_common
                0x0800c848       0xe4 C:/ST/STM32CubeIDE_2.1.1/STM32CubeIDE/plugins/com.st.stm32cube.ide.mcu.externaltools.gnu-tools-for-stm32.14.3.rel1.win32_1.0.100.202602081740/tools/bin/../lib/gcc/arm-none-eabi/14.3.1/../../../../arm-none-eabi/lib/thumb/v8-m.main+fp/hard\libc_nano.a(libc_a-nano-vfprintf_i.o)
                0x0800c848                _printf_common
 .text._printf_i
                0x0800c92c      0x24c C:/ST/STM32CubeIDE_2.1.1/STM32CubeIDE/plugins/com.st.stm32cube.ide.mcu.externaltools.gnu-tools-for-stm32.14.3.rel1.win32_1.0.100.202602081740/tools/bin/../lib/gcc/arm-none-eabi/14.3.1/../../../../arm-none-eabi/lib/thumb/v8-m.main+fp/hard\libc_nano.a(libc_a-nano-vfprintf_i.o)
                0x0800c92c                _printf_i
 .text.memmove  0x0800cb78       0x32 C:/ST/STM32CubeIDE_2.1.1/STM32CubeIDE/plugins/com.st.stm32cube.ide.mcu.externaltools.gnu-tools-for-stm32.14.3.rel1.win32_1.0.100.202602081740/tools/bin/../lib/gcc/arm-none-eabi/14.3.1/../../../../arm-none-eabi/lib/thumb/v8-m.main+fp/hard\libc_nano.a(libc_a-memmove.o)
                0x0800cb78                memmove
 *fill*         0x0800cbaa        0x2 
 .text._sbrk_r  0x0800cbac       0x20 C:/ST/STM32CubeIDE_2.1.1/STM32CubeIDE/plugins/com.st.stm32cube.ide.mcu.externaltools.gnu-tools-for-stm32.14.3.rel1.win32_1.0.100.202602081740/tools/bin/../lib/gcc/arm-none-eabi/14.3.1/../../../../arm-none-eabi/lib/thumb/v8-m.main+fp/hard\libc_nano.a(libc_a-sbrkr.o)
                0x0800cbac                _sbrk_r
 .text.memchr   0x0800cbcc       0x1c C:/ST/STM32CubeIDE_2.1.1/STM32CubeIDE/plugins/com.st.stm32cube.ide.mcu.externaltools.gnu-tools-for-stm32.14.3.rel1.win32_1.0.100.202602081740/tools/bin/../lib/gcc/arm-none-eabi/14.3.1/../../../../arm-none-eabi/lib/thumb/v8-m.main+fp/hard\libc_nano.a(libc_a-memchr-stub.o)
                0x0800cbcc                memchr
 .text.memcpy   0x0800cbe8       0x1a C:/ST/STM32CubeIDE_2.1.1/STM32CubeIDE/plugins/com.st.stm32cube.ide.mcu.externaltools.gnu-tools-for-stm32.14.3.rel1.win32_1.0.100.202602081740/tools/bin/../lib/gcc/arm-none-eabi/14.3.1/../../../../arm-none-eabi/lib/thumb/v8-m.main+fp/hard\libc_nano.a(libc_a-memcpy-stub.o)
                0x0800cbe8                memcpy
 .text._realloc_r
                0x0800cc02       0x5c C:/ST/STM32CubeIDE_2.1.1/STM32CubeIDE/plugins/com.st.stm32cube.ide.mcu.externaltools.gnu-tools-for-stm32.14.3.rel1.win32_1.0.100.202602081740/tools/bin/../lib/gcc/arm-none-eabi/14.3.1/../../../../arm-none-eabi/lib/thumb/v8-m.main+fp/hard\libc_nano.a(libc_a-reallocr.o)
                0x0800cc02                _realloc_r
 .text._malloc_usable_size_r
                0x0800cc5e       0x10 C:/ST/STM32CubeIDE_2.1.1/STM32CubeIDE/plugins/com.st.stm32cube.ide.mcu.externaltools.gnu-tools-for-stm32.14.3.rel1.win32_1.0.100.202602081740/tools/bin/../lib/gcc/arm-none-eabi/14.3.1/../../../../arm-none-eabi/lib/thumb/v8-m.main+fp/hard\libc_nano.a(libc_a-msizer.o)
                0x0800cc5e                _malloc_usable_size_r
 *(.glue_7)
 .glue_7        0x0800cc6e        0x0 linker stubs
 *(.glue_7t)
 .glue_7t       0x0800cc6e        0x0 linker stubs
 *(.eh_frame)
 *fill*         0x0800cc6e        0x2 
 .eh_frame      0x0800cc70        0x0 C:/ST/STM32CubeIDE_2.1.1/STM32CubeIDE/plugins/com.st.stm32cube.ide.mcu.externaltools.gnu-tools-for-stm32.14.3.rel1.win32_1.0.100.202602081740/tools/bin/../lib/gcc/arm-none-eabi/14.3.1/thumb/v8-m.main+fp/hard/crtbegin.o
 *(.init)
 .init          0x0800cc70        0x4 C:/ST/STM32CubeIDE_2.1.1/STM32CubeIDE/plugins/com.st.stm32cube.ide.mcu.externaltools.gnu-tools-for-stm32.14.3.rel1.win32_1.0.100.202602081740/tools/bin/../lib/gcc/arm-none-eabi/14.3.1/thumb/v8-m.main+fp/hard/crti.o
                0x0800cc70                _init
 .init          0x0800cc74        0x8 C:/ST/STM32CubeIDE_2.1.1/STM32CubeIDE/plugins/com.st.stm32cube.ide.mcu.externaltools.gnu-tools-for-stm32.14.3.rel1.win32_1.0.100.202602081740/tools/bin/../lib/gcc/arm-none-eabi/14.3.1/thumb/v8-m.main+fp/hard/crtn.o
 *(.fini)
 .fini          0x0800cc7c        0x4 C:/ST/STM32CubeIDE_2.1.1/STM32CubeIDE/plugins/com.st.stm32cube.ide.mcu.externaltools.gnu-tools-for-stm32.14.3.rel1.win32_1.0.100.202602081740/tools/bin/../lib/gcc/arm-none-eabi/14.3.1/thumb/v8-m.main+fp/hard/crti.o
                0x0800cc7c                _fini
 .fini          0x0800cc80        0x8 C:/ST/STM32CubeIDE_2.1.1/STM32CubeIDE/plugins/com.st.stm32cube.ide.mcu.externaltools.gnu-tools-for-stm32.14.3.rel1.win32_1.0.100.202602081740/tools/bin/../lib/gcc/arm-none-eabi/14.3.1/thumb/v8-m.main+fp/hard/crtn.o
                0x0800cc88                        _etext = .

.vfp11_veneer   0x0800cc88        0x0
 .vfp11_veneer  0x0800cc88        0x0 linker stubs

.v4_bx          0x0800cc88        0x0
 .v4_bx         0x0800cc88        0x0 linker stubs

.iplt           0x0800cc88        0x0
 .iplt          0x0800cc88        0x0 C:/ST/STM32CubeIDE_2.1.1/STM32CubeIDE/plugins/com.st.stm32cube.ide.mcu.externaltools.gnu-tools-for-stm32.14.3.rel1.win32_1.0.100.202602081740/tools/bin/../lib/gcc/arm-none-eabi/14.3.1/thumb/v8-m.main+fp/hard/crtbegin.o

.rodata         0x0800cc88      0x217
 *(.rodata)
 .rodata        0x0800cc88       0x82 ./Core/Src/main.o
 *fill*         0x0800cd0a        0x2 
 .rodata        0x0800cd0c       0x40 ./Drivers/STM32U5xx_HAL_Driver/Src/stm32u5xx_hal_cryp.o
 *(.rodata*)
 .rodata.pKeyAES
                0x0800cd4c       0x10 ./Core/Src/main.o
 .rodata.aes_key
                0x0800cd5c       0x10 ./Core/Src/main.o
 .rodata.AHBPrescTable
                0x0800cd6c       0x10 ./Core/Src/system_stm32u5xx.o
                0x0800cd6c                AHBPrescTable
 .rodata.APBPrescTable
                0x0800cd7c        0x8 ./Core/Src/system_stm32u5xx.o
                0x0800cd7c                APBPrescTable
 .rodata.MSIRangeTable
                0x0800cd84       0x40 ./Core/Src/system_stm32u5xx.o
                0x0800cd84                MSIRangeTable
 .rodata.LPGPIO_Map
                0x0800cdc4       0x80 ./Drivers/STM32U5xx_HAL_Driver/Src/stm32u5xx_hal_gpio.o
 .rodata.UARTPrescTable
                0x0800ce44       0x18 ./Drivers/STM32U5xx_HAL_Driver/Src/stm32u5xx_hal_uart.o
                0x0800ce44                UARTPrescTable
 .rodata.numerator.1
                0x0800ce5c        0x8 ./Drivers/STM32U5xx_HAL_Driver/Src/stm32u5xx_hal_uart_ex.o
 .rodata.denominator.0
                0x0800ce64        0x8 ./Drivers/STM32U5xx_HAL_Driver/Src/stm32u5xx_hal_uart_ex.o
 .rodata._svfprintf_r.str1.1
                0x0800ce6c       0x33 C:/ST/STM32CubeIDE_2.1.1/STM32CubeIDE/plugins/com.st.stm32cube.ide.mcu.externaltools.gnu-tools-for-stm32.14.3.rel1.win32_1.0.100.202602081740/tools/bin/../lib/gcc/arm-none-eabi/14.3.1/../../../../arm-none-eabi/lib/thumb/v8-m.main+fp/hard\libc_nano.a(libc_a-nano-svfprintf.o)
                                 0x11 (size before relaxing)
 .rodata._printf_i.str1.1
                0x0800ce9f       0x22 C:/ST/STM32CubeIDE_2.1.1/STM32CubeIDE/plugins/com.st.stm32cube.ide.mcu.externaltools.gnu-tools-for-stm32.14.3.rel1.win32_1.0.100.202602081740/tools/bin/../lib/gcc/arm-none-eabi/14.3.1/../../../../arm-none-eabi/lib/thumb/v8-m.main+fp/hard\libc_nano.a(libc_a-nano-vfprintf_i.o)

.ARM.extab
 *(.ARM.extab* .gnu.linkonce.armextab.*)

.ARM            0x0800cea0        0x8
                0x0800cea0                        __exidx_start = .
 *(.ARM.exidx*)
 .ARM.exidx     0x0800cea0        0x8 C:/ST/STM32CubeIDE_2.1.1/STM32CubeIDE/plugins/com.st.stm32cube.ide.mcu.externaltools.gnu-tools-for-stm32.14.3.rel1.win32_1.0.100.202602081740/tools/bin/../lib/gcc/arm-none-eabi/14.3.1/thumb/v8-m.main+fp/hard\libgcc.a(_udivmoddi4.o)
                0x0800cea8                        __exidx_end = .

.preinit_array  0x0800cea8        0x0
                0x0800cea8                        PROVIDE (__preinit_array_start = .)
 *(.preinit_array*)
                0x0800cea8                        PROVIDE (__preinit_array_end = .)

.init_array     0x0800cea8        0x4
                0x0800cea8                        PROVIDE (__init_array_start = .)
 *(SORT_BY_NAME(.init_array.*))
 *(.init_array*)
 .init_array    0x0800cea8        0x4 C:/ST/STM32CubeIDE_2.1.1/STM32CubeIDE/plugins/com.st.stm32cube.ide.mcu.externaltools.gnu-tools-for-stm32.14.3.rel1.win32_1.0.100.202602081740/tools/bin/../lib/gcc/arm-none-eabi/14.3.1/thumb/v8-m.main+fp/hard/crtbegin.o
                0x0800ceac                        PROVIDE (__init_array_end = .)

.fini_array     0x0800ceac        0x4
                [!provide]                        PROVIDE (__fini_array_start = .)
 *(SORT_BY_NAME(.fini_array.*))
 *(.fini_array*)
 .fini_array    0x0800ceac        0x4 C:/ST/STM32CubeIDE_2.1.1/STM32CubeIDE/plugins/com.st.stm32cube.ide.mcu.externaltools.gnu-tools-for-stm32.14.3.rel1.win32_1.0.100.202602081740/tools/bin/../lib/gcc/arm-none-eabi/14.3.1/thumb/v8-m.main+fp/hard/crtbegin.o
                [!provide]                        PROVIDE (__fini_array_end = .)
                0x0800ceb0                        _sidata = LOADADDR (.data)

.rel.dyn        0x0800ceb0        0x0
 .rel.iplt      0x0800ceb0        0x0 C:/ST/STM32CubeIDE_2.1.1/STM32CubeIDE/plugins/com.st.stm32cube.ide.mcu.externaltools.gnu-tools-for-stm32.14.3.rel1.win32_1.0.100.202602081740/tools/bin/../lib/gcc/arm-none-eabi/14.3.1/thumb/v8-m.main+fp/hard/crtbegin.o

.data           0x20000000       0x5c load address 0x0800ceb0
                0x20000000                        _sdata = .
 *(.data)
 *(.data*)
 .data.SystemCoreClock
                0x20000000        0x4 ./Core/Src/system_stm32u5xx.o
                0x20000000                SystemCoreClock
 .data.uwTickPrio
                0x20000004        0x4 ./Drivers/STM32U5xx_HAL_Driver/Src/stm32u5xx_hal.o
                0x20000004                uwTickPrio
 .data.uwTickFreq
                0x20000008        0x1 ./Drivers/STM32U5xx_HAL_Driver/Src/stm32u5xx_hal.o
                0x20000008                uwTickFreq
 *fill*         0x20000009        0x3 
 .data._impure_ptr
                0x2000000c        0x4 C:/ST/STM32CubeIDE_2.1.1/STM32CubeIDE/plugins/com.st.stm32cube.ide.mcu.externaltools.gnu-tools-for-stm32.14.3.rel1.win32_1.0.100.202602081740/tools/bin/../lib/gcc/arm-none-eabi/14.3.1/../../../../arm-none-eabi/lib/thumb/v8-m.main+fp/hard\libc_nano.a(libc_a-impure.o)
                0x2000000c                _impure_ptr
 .data._impure_data
                0x20000010       0x4c C:/ST/STM32CubeIDE_2.1.1/STM32CubeIDE/plugins/com.st.stm32cube.ide.mcu.externaltools.gnu-tools-for-stm32.14.3.rel1.win32_1.0.100.202602081740/tools/bin/../lib/gcc/arm-none-eabi/14.3.1/../../../../arm-none-eabi/lib/thumb/v8-m.main+fp/hard\libc_nano.a(libc_a-impure.o)
                0x20000010                _impure_data
 *(.RamFunc)
 *(.RamFunc*)
                0x2000005c                        _edata = .

.igot.plt       0x2000005c        0x0 load address 0x0800cf0c
 .igot.plt      0x2000005c        0x0 C:/ST/STM32CubeIDE_2.1.1/STM32CubeIDE/plugins/com.st.stm32cube.ide.mcu.externaltools.gnu-tools-for-stm32.14.3.rel1.win32_1.0.100.202602081740/tools/bin/../lib/gcc/arm-none-eabi/14.3.1/thumb/v8-m.main+fp/hard/crtbegin.o

.bss            0x2000005c      0xa60 load address 0x0800cf0c
                0x2000005c                        _sbss = .
                0x2000005c                        __bss_start__ = _sbss
 *(.bss)
 .bss           0x2000005c       0x1c C:/ST/STM32CubeIDE_2.1.1/STM32CubeIDE/plugins/com.st.stm32cube.ide.mcu.externaltools.gnu-tools-for-stm32.14.3.rel1.win32_1.0.100.202602081740/tools/bin/../lib/gcc/arm-none-eabi/14.3.1/thumb/v8-m.main+fp/hard/crtbegin.o
 *(.bss*)
 .bss.hcryp     0x20000078       0x68 ./Core/Src/main.o
                0x20000078                hcryp
 .bss.hi2c1     0x200000e0       0x54 ./Core/Src/main.o
                0x200000e0                hi2c1
 .bss.hi2c2     0x20000134       0x54 ./Core/Src/main.o
                0x20000134                hi2c2
 .bss.hospi1    0x20000188       0x5c ./Core/Src/main.o
                0x20000188                hospi1
 .bss.hospi2    0x200001e4       0x5c ./Core/Src/main.o
                0x200001e4                hospi2
 .bss.hspi2     0x20000240       0x90 ./Core/Src/main.o
                0x20000240                hspi2
 .bss.huart4    0x200002d0       0x94 ./Core/Src/main.o
                0x200002d0                huart4
 .bss.huart1    0x20000364       0x94 ./Core/Src/main.o
                0x20000364                huart1
 .bss.hpcd_USB_OTG_FS
                0x200003f8      0x4e4 ./Core/Src/main.o
                0x200003f8                hpcd_USB_OTG_FS
 .bss.light_data
                0x200008dc        0x2 ./Core/Src/main.o
                0x200008dc                light_data
 .bss.light_status
                0x200008de        0x1 ./Core/Src/main.o
                0x200008de                light_status
 *fill*         0x200008df        0x1 
 .bss.pressure_data
                0x200008e0        0x4 ./Core/Src/main.o
                0x200008e0                pressure_data
 .bss.pressure_status
                0x200008e4        0x1 ./Core/Src/main.o
                0x200008e4                pressure_status
 *fill*         0x200008e5        0x3 
 .bss.uart_buf  0x200008e8       0x80 ./Core/Src/main.o
                0x200008e8                uart_buf
 .bss.HAL_RCC_OSPIM_CLK_ENABLED
                0x20000968        0x4 ./Core/Src/stm32u5xx_hal_msp.o
 .bss.__sbrk_heap_end
                0x2000096c        0x4 ./Core/Src/sysmem.o
 .bss.uwTick    0x20000970        0x4 ./Drivers/STM32U5xx_HAL_Driver/Src/stm32u5xx_hal.o
                0x20000970                uwTick
 .bss.__sf      0x20000974      0x138 C:/ST/STM32CubeIDE_2.1.1/STM32CubeIDE/plugins/com.st.stm32cube.ide.mcu.externaltools.gnu-tools-for-stm32.14.3.rel1.win32_1.0.100.202602081740/tools/bin/../lib/gcc/arm-none-eabi/14.3.1/../../../../arm-none-eabi/lib/thumb/v8-m.main+fp/hard\libc_nano.a(libc_a-findfp.o)
                0x20000974                __sf
 .bss.errno     0x20000aac        0x4 C:/ST/STM32CubeIDE_2.1.1/STM32CubeIDE/plugins/com.st.stm32cube.ide.mcu.externaltools.gnu-tools-for-stm32.14.3.rel1.win32_1.0.100.202602081740/tools/bin/../lib/gcc/arm-none-eabi/14.3.1/../../../../arm-none-eabi/lib/thumb/v8-m.main+fp/hard\libc_nano.a(libc_a-reent.o)
                0x20000aac                errno
 .bss.__lock___malloc_recursive_mutex
                0x20000ab0        0x1 C:/ST/STM32CubeIDE_2.1.1/STM32CubeIDE/plugins/com.st.stm32cube.ide.mcu.externaltools.gnu-tools-for-stm32.14.3.rel1.win32_1.0.100.202602081740/tools/bin/../lib/gcc/arm-none-eabi/14.3.1/../../../../arm-none-eabi/lib/thumb/v8-m.main+fp/hard\libc_nano.a(libc_a-lock.o)
                0x20000ab0                __lock___malloc_recursive_mutex
 *fill*         0x20000ab1        0x3 
 .bss.__malloc_sbrk_start
                0x20000ab4        0x4 C:/ST/STM32CubeIDE_2.1.1/STM32CubeIDE/plugins/com.st.stm32cube.ide.mcu.externaltools.gnu-tools-for-stm32.14.3.rel1.win32_1.0.100.202602081740/tools/bin/../lib/gcc/arm-none-eabi/14.3.1/../../../../arm-none-eabi/lib/thumb/v8-m.main+fp/hard\libc_nano.a(libc_a-mallocr.o)
                0x20000ab4                __malloc_sbrk_start
 .bss.__malloc_free_list
                0x20000ab8        0x4 C:/ST/STM32CubeIDE_2.1.1/STM32CubeIDE/plugins/com.st.stm32cube.ide.mcu.externaltools.gnu-tools-for-stm32.14.3.rel1.win32_1.0.100.202602081740/tools/bin/../lib/gcc/arm-none-eabi/14.3.1/../../../../arm-none-eabi/lib/thumb/v8-m.main+fp/hard\libc_nano.a(libc_a-mallocr.o)
                0x20000ab8                __malloc_free_list
 *(COMMON)
                0x20000abc                        _ebss = .
                0x20000abc                        __bss_end__ = _ebss

._user_heap_stack
                0x20000abc      0x604 load address 0x0800cf0c
                0x20000ac0                        . = ALIGN (0x8)
 *fill*         0x20000abc        0x4 
                [!provide]                        PROVIDE (end = .)
                0x20000ac0                        PROVIDE (_end = .)
                0x20000cc0                        . = (. + _Min_Heap_Size)
 *fill*         0x20000ac0      0x200 
                0x200010c0                        . = (. + _Min_Stack_Size)
 *fill*         0x20000cc0      0x400 
                0x200010c0                        . = ALIGN (0x8)

/DISCARD/
 libc.a(*)
 libm.a(*)
 libgcc.a(*)

.ARM.attributes
                0x00000000       0x36
 *(.ARM.attributes)
 .ARM.attributes
                0x00000000       0x26 C:/ST/STM32CubeIDE_2.1.1/STM32CubeIDE/plugins/com.st.stm32cube.ide.mcu.externaltools.gnu-tools-for-stm32.14.3.rel1.win32_1.0.100.202602081740/tools/bin/../lib/gcc/arm-none-eabi/14.3.1/thumb/v8-m.main+fp/hard/crti.o
 .ARM.attributes
                0x00000026       0x38 C:/ST/STM32CubeIDE_2.1.1/STM32CubeIDE/plugins/com.st.stm32cube.ide.mcu.externaltools.gnu-tools-for-stm32.14.3.rel1.win32_1.0.100.202602081740/tools/bin/../lib/gcc/arm-none-eabi/14.3.1/thumb/v8-m.main+fp/hard/crtbegin.o
 .ARM.attributes
                0x0000005e       0x3a ./Core/Src/ble_hci.o
 .ARM.attributes
                0x00000098       0x3a ./Core/Src/lps22hh.o
 .ARM.attributes
                0x000000d2       0x3a ./Core/Src/main.o
 .ARM.attributes
                0x0000010c       0x3a ./Core/Src/stm32u5xx_hal_msp.o
 .ARM.attributes
                0x00000146       0x3a ./Core/Src/stm32u5xx_it.o
 .ARM.attributes
                0x00000180       0x3a ./Core/Src/sysmem.o
 .ARM.attributes
                0x000001ba       0x3a ./Core/Src/system_stm32u5xx.o
 .ARM.attributes
                0x000001f4       0x3a ./Core/Src/veml6030.o
 .ARM.attributes
                0x0000022e       0x24 ./Core/Startup/startup_stm32u585aiixq.o
 .ARM.attributes
                0x00000252       0x3a ./Drivers/STM32U5xx_HAL_Driver/Src/stm32u5xx_hal.o
 .ARM.attributes
                0x0000028c       0x3a ./Drivers/STM32U5xx_HAL_Driver/Src/stm32u5xx_hal_cortex.o
 .ARM.attributes
                0x000002c6       0x3a ./Drivers/STM32U5xx_HAL_Driver/Src/stm32u5xx_hal_cryp.o
 .ARM.attributes
                0x00000300       0x3a ./Drivers/STM32U5xx_HAL_Driver/Src/stm32u5xx_hal_dma.o
 .ARM.attributes
                0x0000033a       0x3a ./Drivers/STM32U5xx_HAL_Driver/Src/stm32u5xx_hal_gpio.o
 .ARM.attributes
                0x00000374       0x3a ./Drivers/STM32U5xx_HAL_Driver/Src/stm32u5xx_hal_i2c.o
 .ARM.attributes
                0x000003ae       0x3a ./Drivers/STM32U5xx_HAL_Driver/Src/stm32u5xx_hal_i2c_ex.o
 .ARM.attributes
                0x000003e8       0x3a ./Drivers/STM32U5xx_HAL_Driver/Src/stm32u5xx_hal_icache.o
 .ARM.attributes
                0x00000422       0x3a ./Drivers/STM32U5xx_HAL_Driver/Src/stm32u5xx_hal_ospi.o
 .ARM.attributes
                0x0000045c       0x3a ./Drivers/STM32U5xx_HAL_Driver/Src/stm32u5xx_hal_pcd.o
 .ARM.attributes
                0x00000496       0x3a ./Drivers/STM32U5xx_HAL_Driver/Src/stm32u5xx_hal_pcd_ex.o
 .ARM.attributes
                0x000004d0       0x3a ./Drivers/STM32U5xx_HAL_Driver/Src/stm32u5xx_hal_pwr_ex.o
 .ARM.attributes
                0x0000050a       0x3a ./Drivers/STM32U5xx_HAL_Driver/Src/stm32u5xx_hal_rcc.o
 .ARM.attributes
                0x00000544       0x3a ./Drivers/STM32U5xx_HAL_Driver/Src/stm32u5xx_hal_rcc_ex.o
 .ARM.attributes
                0x0000057e       0x3a ./Drivers/STM32U5xx_HAL_Driver/Src/stm32u5xx_hal_spi.o
 .ARM.attributes
                0x000005b8       0x3a ./Drivers/STM32U5xx_HAL_Driver/Src/stm32u5xx_hal_spi_ex.o
 .ARM.attributes
                0x000005f2       0x3a ./Drivers/STM32U5xx_HAL_Driver/Src/stm32u5xx_hal_uart.o
 .ARM.attributes
                0x0000062c       0x3a ./Drivers/STM32U5xx_HAL_Driver/Src/stm32u5xx_hal_uart_ex.o
 .ARM.attributes
                0x00000666       0x3a ./Drivers/STM32U5xx_HAL_Driver/Src/stm32u5xx_ll_dlyb.o
 .ARM.attributes
                0x000006a0       0x3a ./Drivers/STM32U5xx_HAL_Driver/Src/stm32u5xx_ll_gpio.o
 .ARM.attributes
                0x000006da       0x3a ./Drivers/STM32U5xx_HAL_Driver/Src/stm32u5xx_ll_usb.o
 .ARM.attributes
                0x00000714       0x38 C:/ST/STM32CubeIDE_2.1.1/STM32CubeIDE/plugins/com.st.stm32cube.ide.mcu.externaltools.gnu-tools-for-stm32.14.3.rel1.win32_1.0.100.202602081740/tools/bin/../lib/gcc/arm-none-eabi/14.3.1/../../../../arm-none-eabi/lib/thumb/v8-m.main+fp/hard\libc_nano.a(libc_a-findfp.o)
 .ARM.attributes
                0x0000074c       0x38 C:/ST/STM32CubeIDE_2.1.1/STM32CubeIDE/plugins/com.st.stm32cube.ide.mcu.externaltools.gnu-tools-for-stm32.14.3.rel1.win32_1.0.100.202602081740/tools/bin/../lib/gcc/arm-none-eabi/14.3.1/../../../../arm-none-eabi/lib/thumb/v8-m.main+fp/hard\libc_nano.a(libc_a-sprintf.o)
 .ARM.attributes
                0x00000784       0x38 C:/ST/STM32CubeIDE_2.1.1/STM32CubeIDE/plugins/com.st.stm32cube.ide.mcu.externaltools.gnu-tools-for-stm32.14.3.rel1.win32_1.0.100.202602081740/tools/bin/../lib/gcc/arm-none-eabi/14.3.1/../../../../arm-none-eabi/lib/thumb/v8-m.main+fp/hard\libc_nano.a(libc_a-memset.o)
 .ARM.attributes
                0x000007bc       0x38 C:/ST/STM32CubeIDE_2.1.1/STM32CubeIDE/plugins/com.st.stm32cube.ide.mcu.externaltools.gnu-tools-for-stm32.14.3.rel1.win32_1.0.100.202602081740/tools/bin/../lib/gcc/arm-none-eabi/14.3.1/../../../../arm-none-eabi/lib/thumb/v8-m.main+fp/hard\libc_nano.a(libc_a-reent.o)
 .ARM.attributes
                0x000007f4       0x38 C:/ST/STM32CubeIDE_2.1.1/STM32CubeIDE/plugins/com.st.stm32cube.ide.mcu.externaltools.gnu-tools-for-stm32.14.3.rel1.win32_1.0.100.202602081740/tools/bin/../lib/gcc/arm-none-eabi/14.3.1/../../../../arm-none-eabi/lib/thumb/v8-m.main+fp/hard\libc_nano.a(libc_a-impure.o)
 .ARM.attributes
                0x0000082c       0x38 C:/ST/STM32CubeIDE_2.1.1/STM32CubeIDE/plugins/com.st.stm32cube.ide.mcu.externaltools.gnu-tools-for-stm32.14.3.rel1.win32_1.0.100.202602081740/tools/bin/../lib/gcc/arm-none-eabi/14.3.1/../../../../arm-none-eabi/lib/thumb/v8-m.main+fp/hard\libc_nano.a(libc_a-errno.o)
 .ARM.attributes
                0x00000864       0x38 C:/ST/STM32CubeIDE_2.1.1/STM32CubeIDE/plugins/com.st.stm32cube.ide.mcu.externaltools.gnu-tools-for-stm32.14.3.rel1.win32_1.0.100.202602081740/tools/bin/../lib/gcc/arm-none-eabi/14.3.1/../../../../arm-none-eabi/lib/thumb/v8-m.main+fp/hard\libc_nano.a(libc_a-init.o)
 .ARM.attributes
                0x0000089c       0x38 C:/ST/STM32CubeIDE_2.1.1/STM32CubeIDE/plugins/com.st.stm32cube.ide.mcu.externaltools.gnu-tools-for-stm32.14.3.rel1.win32_1.0.100.202602081740/tools/bin/../lib/gcc/arm-none-eabi/14.3.1/../../../../arm-none-eabi/lib/thumb/v8-m.main+fp/hard\libc_nano.a(libc_a-lock.o)
 .ARM.attributes
                0x000008d4       0x38 C:/ST/STM32CubeIDE_2.1.1/STM32CubeIDE/plugins/com.st.stm32cube.ide.mcu.externaltools.gnu-tools-for-stm32.14.3.rel1.win32_1.0.100.202602081740/tools/bin/../lib/gcc/arm-none-eabi/14.3.1/../../../../arm-none-eabi/lib/thumb/v8-m.main+fp/hard\libc_nano.a(libc_a-freer.o)
 .ARM.attributes
                0x0000090c       0x38 C:/ST/STM32CubeIDE_2.1.1/STM32CubeIDE/plugins/com.st.stm32cube.ide.mcu.externaltools.gnu-tools-for-stm32.14.3.rel1.win32_1.0.100.202602081740/tools/bin/../lib/gcc/arm-none-eabi/14.3.1/../../../../arm-none-eabi/lib/thumb/v8-m.main+fp/hard\libc_nano.a(libc_a-mallocr.o)
 .ARM.attributes
                0x00000944       0x38 C:/ST/STM32CubeIDE_2.1.1/STM32CubeIDE/plugins/com.st.stm32cube.ide.mcu.externaltools.gnu-tools-for-stm32.14.3.rel1.win32_1.0.100.202602081740/tools/bin/../lib/gcc/arm-none-eabi/14.3.1/../../../../arm-none-eabi/lib/thumb/v8-m.main+fp/hard\libc_nano.a(libc_a-mlock.o)
 .ARM.attributes
                0x0000097c       0x38 C:/ST/STM32CubeIDE_2.1.1/STM32CubeIDE/plugins/com.st.stm32cube.ide.mcu.externaltools.gnu-tools-for-stm32.14.3.rel1.win32_1.0.100.202602081740/tools/bin/../lib/gcc/arm-none-eabi/14.3.1/../../../../arm-none-eabi/lib/thumb/v8-m.main+fp/hard\libc_nano.a(libc_a-nano-svfprintf.o)
 .ARM.attributes
                0x000009b4       0x38 C:/ST/STM32CubeIDE_2.1.1/STM32CubeIDE/plugins/com.st.stm32cube.ide.mcu.externaltools.gnu-tools-for-stm32.14.3.rel1.win32_1.0.100.202602081740/tools/bin/../lib/gcc/arm-none-eabi/14.3.1/../../../../arm-none-eabi/lib/thumb/v8-m.main+fp/hard\libc_nano.a(libc_a-nano-vfprintf_i.o)
 .ARM.attributes
                0x000009ec       0x38 C:/ST/STM32CubeIDE_2.1.1/STM32CubeIDE/plugins/com.st.stm32cube.ide.mcu.externaltools.gnu-tools-for-stm32.14.3.rel1.win32_1.0.100.202602081740/tools/bin/../lib/gcc/arm-none-eabi/14.3.1/../../../../arm-none-eabi/lib/thumb/v8-m.main+fp/hard\libc_nano.a(libc_a-memmove.o)
 .ARM.attributes
                0x00000a24       0x38 C:/ST/STM32CubeIDE_2.1.1/STM32CubeIDE/plugins/com.st.stm32cube.ide.mcu.externaltools.gnu-tools-for-stm32.14.3.rel1.win32_1.0.100.202602081740/tools/bin/../lib/gcc/arm-none-eabi/14.3.1/../../../../arm-none-eabi/lib/thumb/v8-m.main+fp/hard\libc_nano.a(libc_a-sbrkr.o)
 .ARM.attributes
                0x00000a5c       0x38 C:/ST/STM32CubeIDE_2.1.1/STM32CubeIDE/plugins/com.st.stm32cube.ide.mcu.externaltools.gnu-tools-for-stm32.14.3.rel1.win32_1.0.100.202602081740/tools/bin/../lib/gcc/arm-none-eabi/14.3.1/../../../../arm-none-eabi/lib/thumb/v8-m.main+fp/hard\libc_nano.a(libc_a-memchr-stub.o)
 .ARM.attributes
                0x00000a94       0x38 C:/ST/STM32CubeIDE_2.1.1/STM32CubeIDE/plugins/com.st.stm32cube.ide.mcu.externaltools.gnu-tools-for-stm32.14.3.rel1.win32_1.0.100.202602081740/tools/bin/../lib/gcc/arm-none-eabi/14.3.1/../../../../arm-none-eabi/lib/thumb/v8-m.main+fp/hard\libc_nano.a(libc_a-memcpy-stub.o)
 .ARM.attributes
                0x00000acc       0x38 C:/ST/STM32CubeIDE_2.1.1/STM32CubeIDE/plugins/com.st.stm32cube.ide.mcu.externaltools.gnu-tools-for-stm32.14.3.rel1.win32_1.0.100.202602081740/tools/bin/../lib/gcc/arm-none-eabi/14.3.1/../../../../arm-none-eabi/lib/thumb/v8-m.main+fp/hard\libc_nano.a(libc_a-reallocr.o)
 .ARM.attributes
                0x00000b04       0x38 C:/ST/STM32CubeIDE_2.1.1/STM32CubeIDE/plugins/com.st.stm32cube.ide.mcu.externaltools.gnu-tools-for-stm32.14.3.rel1.win32_1.0.100.202602081740/tools/bin/../lib/gcc/arm-none-eabi/14.3.1/../../../../arm-none-eabi/lib/thumb/v8-m.main+fp/hard\libc_nano.a(libc_a-msizer.o)
 .ARM.attributes
                0x00000b3c       0x26 C:/ST/STM32CubeIDE_2.1.1/STM32CubeIDE/plugins/com.st.stm32cube.ide.mcu.externaltools.gnu-tools-for-stm32.14.3.rel1.win32_1.0.100.202602081740/tools/bin/../lib/gcc/arm-none-eabi/14.3.1/thumb/v8-m.main+fp/hard\libgcc.a(_arm_muldf3.o)
 .ARM.attributes
                0x00000b62       0x26 C:/ST/STM32CubeIDE_2.1.1/STM32CubeIDE/plugins/com.st.stm32cube.ide.mcu.externaltools.gnu-tools-for-stm32.14.3.rel1.win32_1.0.100.202602081740/tools/bin/../lib/gcc/arm-none-eabi/14.3.1/thumb/v8-m.main+fp/hard\libgcc.a(_arm_addsubdf3.o)
 .ARM.attributes
                0x00000b88       0x26 C:/ST/STM32CubeIDE_2.1.1/STM32CubeIDE/plugins/com.st.stm32cube.ide.mcu.externaltools.gnu-tools-for-stm32.14.3.rel1.win32_1.0.100.202602081740/tools/bin/../lib/gcc/arm-none-eabi/14.3.1/thumb/v8-m.main+fp/hard\libgcc.a(_arm_fixdfsi.o)
 .ARM.attributes
                0x00000bae       0x26 C:/ST/STM32CubeIDE_2.1.1/STM32CubeIDE/plugins/com.st.stm32cube.ide.mcu.externaltools.gnu-tools-for-stm32.14.3.rel1.win32_1.0.100.202602081740/tools/bin/../lib/gcc/arm-none-eabi/14.3.1/thumb/v8-m.main+fp/hard\libgcc.a(_aeabi_uldivmod.o)
 .ARM.attributes
                0x00000bd4       0x38 C:/ST/STM32CubeIDE_2.1.1/STM32CubeIDE/plugins/com.st.stm32cube.ide.mcu.externaltools.gnu-tools-for-stm32.14.3.rel1.win32_1.0.100.202602081740/tools/bin/../lib/gcc/arm-none-eabi/14.3.1/thumb/v8-m.main+fp/hard\libgcc.a(_udivmoddi4.o)
 .ARM.attributes
                0x00000c0c       0x26 C:/ST/STM32CubeIDE_2.1.1/STM32CubeIDE/plugins/com.st.stm32cube.ide.mcu.externaltools.gnu-tools-for-stm32.14.3.rel1.win32_1.0.100.202602081740/tools/bin/../lib/gcc/arm-none-eabi/14.3.1/thumb/v8-m.main+fp/hard\libgcc.a(_dvmd_tls.o)
 .ARM.attributes
                0x00000c32       0x26 C:/ST/STM32CubeIDE_2.1.1/STM32CubeIDE/plugins/com.st.stm32cube.ide.mcu.externaltools.gnu-tools-for-stm32.14.3.rel1.win32_1.0.100.202602081740/tools/bin/../lib/gcc/arm-none-eabi/14.3.1/thumb/v8-m.main+fp/hard/crtn.o
OUTPUT(TheBlackData.elf elf32-littlearm)
LOAD linker stubs
LOAD C:/ST/STM32CubeIDE_2.1.1/STM32CubeIDE/plugins/com.st.stm32cube.ide.mcu.externaltools.gnu-tools-for-stm32.14.3.rel1.win32_1.0.100.202602081740/tools/bin/../lib/gcc/arm-none-eabi/14.3.1/../../../../arm-none-eabi/lib/thumb/v8-m.main+fp/hard\libc.a
LOAD C:/ST/STM32CubeIDE_2.1.1/STM32CubeIDE/plugins/com.st.stm32cube.ide.mcu.externaltools.gnu-tools-for-stm32.14.3.rel1.win32_1.0.100.202602081740/tools/bin/../lib/gcc/arm-none-eabi/14.3.1/../../../../arm-none-eabi/lib/thumb/v8-m.main+fp/hard\libm.a
LOAD C:/ST/STM32CubeIDE_2.1.1/STM32CubeIDE/plugins/com.st.stm32cube.ide.mcu.externaltools.gnu-tools-for-stm32.14.3.rel1.win32_1.0.100.202602081740/tools/bin/../lib/gcc/arm-none-eabi/14.3.1/thumb/v8-m.main+fp/hard\libgcc.a

.debug_info     0x00000000    0x21358
 .debug_info    0x00000000      0xa92 ./Core/Src/ble_hci.o
 .debug_info    0x00000a92      0x9ad ./Core/Src/lps22hh.o
 .debug_info    0x0000143f     0x2eda ./Core/Src/main.o
 .debug_info    0x00004319     0x29f7 ./Core/Src/stm32u5xx_hal_msp.o
 .debug_info    0x00006d10      0x16c ./Core/Src/stm32u5xx_it.o
 .debug_info    0x00006e7c      0x168 ./Core/Src/sysmem.o
 .debug_info    0x00006fe4      0x929 ./Core/Src/system_stm32u5xx.o
 .debug_info    0x0000790d      0x97d ./Core/Src/veml6030.o
 .debug_info    0x0000828a       0x30 ./Core/Startup/startup_stm32u585aiixq.o
 .debug_info    0x000082ba     0x120a ./Drivers/STM32U5xx_HAL_Driver/Src/stm32u5xx_hal.o
 .debug_info    0x000094c4     0x1657 ./Drivers/STM32U5xx_HAL_Driver/Src/stm32u5xx_hal_cortex.o
 .debug_info    0x0000ab1b     0x1c75 ./Drivers/STM32U5xx_HAL_Driver/Src/stm32u5xx_hal_cryp.o
 .debug_info    0x0000c790      0xadc ./Drivers/STM32U5xx_HAL_Driver/Src/stm32u5xx_hal_dma.o
 .debug_info    0x0000d26c      0x859 ./Drivers/STM32U5xx_HAL_Driver/Src/stm32u5xx_hal_gpio.o
 .debug_info    0x0000dac5     0x231f ./Drivers/STM32U5xx_HAL_Driver/Src/stm32u5xx_hal_i2c.o
 .debug_info    0x0000fde4      0x9ff ./Drivers/STM32U5xx_HAL_Driver/Src/stm32u5xx_hal_i2c_ex.o
 .debug_info    0x000107e3      0x4d6 ./Drivers/STM32U5xx_HAL_Driver/Src/stm32u5xx_hal_icache.o
 .debug_info    0x00010cb9     0x1c75 ./Drivers/STM32U5xx_HAL_Driver/Src/stm32u5xx_hal_ospi.o
 .debug_info    0x0001292e     0x1586 ./Drivers/STM32U5xx_HAL_Driver/Src/stm32u5xx_hal_pcd.o
 .debug_info    0x00013eb4      0x8bd ./Drivers/STM32U5xx_HAL_Driver/Src/stm32u5xx_hal_pcd_ex.o
 .debug_info    0x00014771      0xe3e ./Drivers/STM32U5xx_HAL_Driver/Src/stm32u5xx_hal_pwr_ex.o
 .debug_info    0x000155af     0x11f0 ./Drivers/STM32U5xx_HAL_Driver/Src/stm32u5xx_hal_rcc.o
 .debug_info    0x0001679f     0x158b ./Drivers/STM32U5xx_HAL_Driver/Src/stm32u5xx_hal_rcc_ex.o
 .debug_info    0x00017d2a     0x15c7 ./Drivers/STM32U5xx_HAL_Driver/Src/stm32u5xx_hal_spi.o
 .debug_info    0x000192f1      0xa97 ./Drivers/STM32U5xx_HAL_Driver/Src/stm32u5xx_hal_spi_ex.o
 .debug_info    0x00019d88     0x405f ./Drivers/STM32U5xx_HAL_Driver/Src/stm32u5xx_hal_uart.o
 .debug_info    0x0001dde7     0x11ef ./Drivers/STM32U5xx_HAL_Driver/Src/stm32u5xx_hal_uart_ex.o
 .debug_info    0x0001efd6      0x23c ./Drivers/STM32U5xx_HAL_Driver/Src/stm32u5xx_ll_dlyb.o
 .debug_info    0x0001f212      0xb17 ./Drivers/STM32U5xx_HAL_Driver/Src/stm32u5xx_ll_gpio.o
 .debug_info    0x0001fd29     0x162f ./Drivers/STM32U5xx_HAL_Driver/Src/stm32u5xx_ll_usb.o

.debug_abbrev   0x00000000     0x4159
 .debug_abbrev  0x00000000      0x1c8 ./Core/Src/ble_hci.o
 .debug_abbrev  0x000001c8      0x1a0 ./Core/Src/lps22hh.o
 .debug_abbrev  0x00000368      0x3dc ./Core/Src/main.o
 .debug_abbrev  0x00000744      0x2a6 ./Core/Src/stm32u5xx_hal_msp.o
 .debug_abbrev  0x000009ea       0xac ./Core/Src/stm32u5xx_it.o
 .debug_abbrev  0x00000a96       0xbc ./Core/Src/sysmem.o
 .debug_abbrev  0x00000b52      0x129 ./Core/Src/system_stm32u5xx.o
 .debug_abbrev  0x00000c7b      0x18e ./Core/Src/veml6030.o
 .debug_abbrev  0x00000e09       0x24 ./Core/Startup/startup_stm32u585aiixq.o
 .debug_abbrev  0x00000e2d      0x2a5 ./Drivers/STM32U5xx_HAL_Driver/Src/stm32u5xx_hal.o
 .debug_abbrev  0x000010d2      0x327 ./Drivers/STM32U5xx_HAL_Driver/Src/stm32u5xx_hal_cortex.o
 .debug_abbrev  0x000013f9      0x293 ./Drivers/STM32U5xx_HAL_Driver/Src/stm32u5xx_hal_cryp.o
 .debug_abbrev  0x0000168c      0x1ff ./Drivers/STM32U5xx_HAL_Driver/Src/stm32u5xx_hal_dma.o
 .debug_abbrev  0x0000188b      0x25a ./Drivers/STM32U5xx_HAL_Driver/Src/stm32u5xx_hal_gpio.o
 .debug_abbrev  0x00001ae5      0x271 ./Drivers/STM32U5xx_HAL_Driver/Src/stm32u5xx_hal_i2c.o
 .debug_abbrev  0x00001d56      0x1c0 ./Drivers/STM32U5xx_HAL_Driver/Src/stm32u5xx_hal_i2c_ex.o
 .debug_abbrev  0x00001f16      0x228 ./Drivers/STM32U5xx_HAL_Driver/Src/stm32u5xx_hal_icache.o
 .debug_abbrev  0x0000213e      0x314 ./Drivers/STM32U5xx_HAL_Driver/Src/stm32u5xx_hal_ospi.o
 .debug_abbrev  0x00002452      0x2cd ./Drivers/STM32U5xx_HAL_Driver/Src/stm32u5xx_hal_pcd.o
 .debug_abbrev  0x0000271f      0x25a ./Drivers/STM32U5xx_HAL_Driver/Src/stm32u5xx_hal_pcd_ex.o
 .debug_abbrev  0x00002979      0x215 ./Drivers/STM32U5xx_HAL_Driver/Src/stm32u5xx_hal_pwr_ex.o
 .debug_abbrev  0x00002b8e      0x2cb ./Drivers/STM32U5xx_HAL_Driver/Src/stm32u5xx_hal_rcc.o
 .debug_abbrev  0x00002e59      0x23d ./Drivers/STM32U5xx_HAL_Driver/Src/stm32u5xx_hal_rcc_ex.o
 .debug_abbrev  0x00003096      0x2bc ./Drivers/STM32U5xx_HAL_Driver/Src/stm32u5xx_hal_spi.o
 .debug_abbrev  0x00003352      0x1c7 ./Drivers/STM32U5xx_HAL_Driver/Src/stm32u5xx_hal_spi_ex.o
 .debug_abbrev  0x00003519      0x305 ./Drivers/STM32U5xx_HAL_Driver/Src/stm32u5xx_hal_uart.o
 .debug_abbrev  0x0000381e      0x2d4 ./Drivers/STM32U5xx_HAL_Driver/Src/stm32u5xx_hal_uart_ex.o
 .debug_abbrev  0x00003af2      0x159 ./Drivers/STM32U5xx_HAL_Driver/Src/stm32u5xx_ll_dlyb.o
 .debug_abbrev  0x00003c4b      0x25d ./Drivers/STM32U5xx_HAL_Driver/Src/stm32u5xx_ll_gpio.o
 .debug_abbrev  0x00003ea8      0x2b1 ./Drivers/STM32U5xx_HAL_Driver/Src/stm32u5xx_ll_usb.o

.debug_aranges  0x00000000     0x19c0
 .debug_aranges
                0x00000000       0x28 ./Core/Src/ble_hci.o
 .debug_aranges
                0x00000028       0x30 ./Core/Src/lps22hh.o
 .debug_aranges
                0x00000058       0xb0 ./Core/Src/main.o
 .debug_aranges
                0x00000108       0x80 ./Core/Src/stm32u5xx_hal_msp.o
 .debug_aranges
                0x00000188       0x60 ./Core/Src/stm32u5xx_it.o
 .debug_aranges
                0x000001e8       0x20 ./Core/Src/sysmem.o
 .debug_aranges
                0x00000208       0x28 ./Core/Src/system_stm32u5xx.o
 .debug_aranges
                0x00000230       0x30 ./Core/Src/veml6030.o
 .debug_aranges
                0x00000260       0x28 ./Core/Startup/startup_stm32u585aiixq.o
 .debug_aranges
                0x00000288      0x148 ./Drivers/STM32U5xx_HAL_Driver/Src/stm32u5xx_hal.o
 .debug_aranges
                0x000003d0      0x140 ./Drivers/STM32U5xx_HAL_Driver/Src/stm32u5xx_hal_cortex.o
 .debug_aranges
                0x00000510      0x1a0 ./Drivers/STM32U5xx_HAL_Driver/Src/stm32u5xx_hal_cryp.o
 .debug_aranges
                0x000006b0       0xa0 ./Drivers/STM32U5xx_HAL_Driver/Src/stm32u5xx_hal_dma.o
 .debug_aranges
                0x00000750       0x78 ./Drivers/STM32U5xx_HAL_Driver/Src/stm32u5xx_hal_gpio.o
 .debug_aranges
                0x000007c8      0x2a0 ./Drivers/STM32U5xx_HAL_Driver/Src/stm32u5xx_hal_i2c.o
 .debug_aranges
                0x00000a68       0x58 ./Drivers/STM32U5xx_HAL_Driver/Src/stm32u5xx_hal_i2c_ex.o
 .debug_aranges
                0x00000ac0       0xa8 ./Drivers/STM32U5xx_HAL_Driver/Src/stm32u5xx_hal_icache.o
 .debug_aranges
                0x00000b68      0x1a0 ./Drivers/STM32U5xx_HAL_Driver/Src/stm32u5xx_hal_ospi.o
 .debug_aranges
                0x00000d08      0x140 ./Drivers/STM32U5xx_HAL_Driver/Src/stm32u5xx_hal_pcd.o
 .debug_aranges
                0x00000e48       0x60 ./Drivers/STM32U5xx_HAL_Driver/Src/stm32u5xx_hal_pcd_ex.o
 .debug_aranges
                0x00000ea8      0x200 ./Drivers/STM32U5xx_HAL_Driver/Src/stm32u5xx_hal_pwr_ex.o
 .debug_aranges
                0x000010a8       0xa8 ./Drivers/STM32U5xx_HAL_Driver/Src/stm32u5xx_hal_rcc.o
 .debug_aranges
                0x00001150      0x160 ./Drivers/STM32U5xx_HAL_Driver/Src/stm32u5xx_hal_rcc_ex.o
 .debug_aranges
                0x000012b0      0x1a8 ./Drivers/STM32U5xx_HAL_Driver/Src/stm32u5xx_hal_spi.o
 .debug_aranges
                0x00001458       0x48 ./Drivers/STM32U5xx_HAL_Driver/Src/stm32u5xx_hal_spi_ex.o
 .debug_aranges
                0x000014a0      0x248 ./Drivers/STM32U5xx_HAL_Driver/Src/stm32u5xx_hal_uart.o
 .debug_aranges
                0x000016e8       0xb8 ./Drivers/STM32U5xx_HAL_Driver/Src/stm32u5xx_hal_uart_ex.o
 .debug_aranges
                0x000017a0       0x30 ./Drivers/STM32U5xx_HAL_Driver/Src/stm32u5xx_ll_dlyb.o
 .debug_aranges
                0x000017d0       0x70 ./Drivers/STM32U5xx_HAL_Driver/Src/stm32u5xx_ll_gpio.o
 .debug_aranges
                0x00001840      0x180 ./Drivers/STM32U5xx_HAL_Driver/Src/stm32u5xx_ll_usb.o

.debug_rnglists
                0x00000000     0x13f7
 .debug_rnglists
                0x00000000       0x19 ./Core/Src/ble_hci.o
 .debug_rnglists
                0x00000019       0x1f ./Core/Src/lps22hh.o
 .debug_rnglists
                0x00000038       0x8a ./Core/Src/main.o
 .debug_rnglists
                0x000000c2       0x62 ./Core/Src/stm32u5xx_hal_msp.o
 .debug_rnglists
                0x00000124       0x43 ./Core/Src/stm32u5xx_it.o
 .debug_rnglists
                0x00000167       0x13 ./Core/Src/sysmem.o
 .debug_rnglists
                0x0000017a       0x1a ./Core/Src/system_stm32u5xx.o
 .debug_rnglists
                0x00000194       0x1f ./Core/Src/veml6030.o
 .debug_rnglists
                0x000001b3       0x19 ./Core/Startup/startup_stm32u585aiixq.o
 .debug_rnglists
                0x000001cc       0xf3 ./Drivers/STM32U5xx_HAL_Driver/Src/stm32u5xx_hal.o
 .debug_rnglists
                0x000002bf       0xec ./Drivers/STM32U5xx_HAL_Driver/Src/stm32u5xx_hal_cortex.o
 .debug_rnglists
                0x000003ab      0x159 ./Drivers/STM32U5xx_HAL_Driver/Src/stm32u5xx_hal_cryp.o
 .debug_rnglists
                0x00000504       0x7e ./Drivers/STM32U5xx_HAL_Driver/Src/stm32u5xx_hal_dma.o
 .debug_rnglists
                0x00000582       0x5a ./Drivers/STM32U5xx_HAL_Driver/Src/stm32u5xx_hal_gpio.o
 .debug_rnglists
                0x000005dc      0x228 ./Drivers/STM32U5xx_HAL_Driver/Src/stm32u5xx_hal_i2c.o
 .debug_rnglists
                0x00000804       0x43 ./Drivers/STM32U5xx_HAL_Driver/Src/stm32u5xx_hal_i2c_ex.o
 .debug_rnglists
                0x00000847       0x7a ./Drivers/STM32U5xx_HAL_Driver/Src/stm32u5xx_hal_icache.o
 .debug_rnglists
                0x000008c1      0x148 ./Drivers/STM32U5xx_HAL_Driver/Src/stm32u5xx_hal_ospi.o
 .debug_rnglists
                0x00000a09       0xf4 ./Drivers/STM32U5xx_HAL_Driver/Src/stm32u5xx_hal_pcd.o
 .debug_rnglists
                0x00000afd       0x45 ./Drivers/STM32U5xx_HAL_Driver/Src/stm32u5xx_hal_pcd_ex.o
 .debug_rnglists
                0x00000b42      0x186 ./Drivers/STM32U5xx_HAL_Driver/Src/stm32u5xx_hal_pwr_ex.o
 .debug_rnglists
                0x00000cc8       0x7f ./Drivers/STM32U5xx_HAL_Driver/Src/stm32u5xx_hal_rcc.o
 .debug_rnglists
                0x00000d47      0x113 ./Drivers/STM32U5xx_HAL_Driver/Src/stm32u5xx_hal_rcc_ex.o
 .debug_rnglists
                0x00000e5a      0x148 ./Drivers/STM32U5xx_HAL_Driver/Src/stm32u5xx_hal_spi.o
 .debug_rnglists
                0x00000fa2       0x35 ./Drivers/STM32U5xx_HAL_Driver/Src/stm32u5xx_hal_spi_ex.o
 .debug_rnglists
                0x00000fd7      0x1f8 ./Drivers/STM32U5xx_HAL_Driver/Src/stm32u5xx_hal_uart.o
 .debug_rnglists
                0x000011cf       0x8c ./Drivers/STM32U5xx_HAL_Driver/Src/stm32u5xx_hal_uart_ex.o
 .debug_rnglists
                0x0000125b       0x20 ./Drivers/STM32U5xx_HAL_Driver/Src/stm32u5xx_ll_dlyb.o
 .debug_rnglists
                0x0000127b       0x51 ./Drivers/STM32U5xx_HAL_Driver/Src/stm32u5xx_ll_gpio.o
 .debug_rnglists
                0x000012cc      0x12b ./Drivers/STM32U5xx_HAL_Driver/Src/stm32u5xx_ll_usb.o

.debug_macro    0x00000000    0x39dad
 .debug_macro   0x00000000      0x2fb ./Core/Src/ble_hci.o
 .debug_macro   0x000002fb      0xae4 ./Core/Src/ble_hci.o
 .debug_macro   0x00000ddf      0x219 ./Core/Src/ble_hci.o
 .debug_macro   0x00000ff8       0x2e ./Core/Src/ble_hci.o
 .debug_macro   0x00001026       0x42 ./Core/Src/ble_hci.o
 .debug_macro   0x00001068       0x22 ./Core/Src/ble_hci.o
 .debug_macro   0x0000108a       0x8e ./Core/Src/ble_hci.o
 .debug_macro   0x00001118       0x51 ./Core/Src/ble_hci.o
 .debug_macro   0x00001169      0x103 ./Core/Src/ble_hci.o
 .debug_macro   0x0000126c       0x6a ./Core/Src/ble_hci.o
 .debug_macro   0x000012d6      0x1df ./Core/Src/ble_hci.o
 .debug_macro   0x000014b5       0x1c ./Core/Src/ble_hci.o
 .debug_macro   0x000014d1       0x29 ./Core/Src/ble_hci.o
 .debug_macro   0x000014fa       0xfb ./Core/Src/ble_hci.o
 .debug_macro   0x000015f5     0x1685 ./Core/Src/ble_hci.o
 .debug_macro   0x00002c7a       0x5e ./Core/Src/ble_hci.o
 .debug_macro   0x00002cd8    0x23ced ./Core/Src/ble_hci.o
 .debug_macro   0x000269c5       0x6d ./Core/Src/ble_hci.o
 .debug_macro   0x00026a32     0x393e ./Core/Src/ble_hci.o
 .debug_macro   0x0002a370      0x190 ./Core/Src/ble_hci.o
 .debug_macro   0x0002a500       0x61 ./Core/Src/ble_hci.o
 .debug_macro   0x0002a561       0x2a ./Core/Src/ble_hci.o
 .debug_macro   0x0002a58b       0x43 ./Core/Src/ble_hci.o
 .debug_macro   0x0002a5ce       0x34 ./Core/Src/ble_hci.o
 .debug_macro   0x0002a602      0x364 ./Core/Src/ble_hci.o
 .debug_macro   0x0002a966       0x16 ./Core/Src/ble_hci.o
 .debug_macro   0x0002a97c       0x4a ./Core/Src/ble_hci.o
 .debug_macro   0x0002a9c6       0x34 ./Core/Src/ble_hci.o
 .debug_macro   0x0002a9fa       0x10 ./Core/Src/ble_hci.o
 .debug_macro   0x0002aa0a       0x58 ./Core/Src/ble_hci.o
 .debug_macro   0x0002aa62       0x8e ./Core/Src/ble_hci.o
 .debug_macro   0x0002aaf0       0x1c ./Core/Src/ble_hci.o
 .debug_macro   0x0002ab0c      0x17e ./Core/Src/ble_hci.o
 .debug_macro   0x0002ac8a      0x19b ./Core/Src/ble_hci.o
 .debug_macro   0x0002ae25       0x5d ./Core/Src/ble_hci.o
 .debug_macro   0x0002ae82     0x1bfd ./Core/Src/ble_hci.o
 .debug_macro   0x0002ca7f      0x7ff ./Core/Src/ble_hci.o
 .debug_macro   0x0002d27e      0x166 ./Core/Src/ble_hci.o
 .debug_macro   0x0002d3e4      0x2aa ./Core/Src/ble_hci.o
 .debug_macro   0x0002d68e       0xc9 ./Core/Src/ble_hci.o
 .debug_macro   0x0002d757      0x5a5 ./Core/Src/ble_hci.o
 .debug_macro   0x0002dcfc      0x439 ./Core/Src/ble_hci.o
 .debug_macro   0x0002e135       0xd6 ./Core/Src/ble_hci.o
 .debug_macro   0x0002e20b      0x1cd ./Core/Src/ble_hci.o
 .debug_macro   0x0002e3d8      0x1df ./Core/Src/ble_hci.o
 .debug_macro   0x0002e5b7       0x2e ./Core/Src/ble_hci.o
 .debug_macro   0x0002e5e5      0x432 ./Core/Src/ble_hci.o
 .debug_macro   0x0002ea17       0x95 ./Core/Src/ble_hci.o
 .debug_macro   0x0002eaac      0x11c ./Core/Src/ble_hci.o
 .debug_macro   0x0002ebc8      0x23a ./Core/Src/ble_hci.o
 .debug_macro   0x0002ee02      0x123 ./Core/Src/ble_hci.o
 .debug_macro   0x0002ef25       0xa5 ./Core/Src/ble_hci.o
 .debug_macro   0x0002efca      0x525 ./Core/Src/ble_hci.o
 .debug_macro   0x0002f4ef      0x4bf ./Core/Src/ble_hci.o
 .debug_macro   0x0002f9ae       0x1c ./Core/Src/ble_hci.o
 .debug_macro   0x0002f9ca      0x520 ./Core/Src/ble_hci.o
 .debug_macro   0x0002feea      0x5cf ./Core/Src/ble_hci.o
 .debug_macro   0x000304b9       0xee ./Core/Src/ble_hci.o
 .debug_macro   0x000305a7       0xeb ./Core/Src/ble_hci.o
 .debug_macro   0x00030692      0x677 ./Core/Src/ble_hci.o
 .debug_macro   0x00030d09      0x1a1 ./Core/Src/ble_hci.o
 .debug_macro   0x00030eaa      0x2b6 ./Core/Src/ble_hci.o
 .debug_macro   0x00031160       0x89 ./Core/Src/ble_hci.o
 .debug_macro   0x000311e9      0x1c0 ./Core/Src/ble_hci.o
 .debug_macro   0x000313a9      0x361 ./Core/Src/ble_hci.o
 .debug_macro   0x0003170a       0x28 ./Core/Src/ble_hci.o
 .debug_macro   0x00031732      0x31a ./Core/Src/lps22hh.o
 .debug_macro   0x00031a4c      0x3a4 ./Core/Src/main.o
 .debug_macro   0x00031df0      0x2b6 ./Core/Src/main.o
 .debug_macro   0x000320a6      0x384 ./Core/Src/main.o
 .debug_macro   0x0003242a      0x165 ./Core/Src/main.o
 .debug_macro   0x0003258f      0xacb ./Core/Src/main.o
 .debug_macro   0x0003305a      0x2a0 ./Core/Src/main.o
 .debug_macro   0x000332fa       0xed ./Core/Src/main.o
 .debug_macro   0x000333e7      0x4e1 ./Core/Src/main.o
 .debug_macro   0x000338c8      0x167 ./Core/Src/main.o
 .debug_macro   0x00033a2f      0x8d6 ./Core/Src/main.o
 .debug_macro   0x00034305      0x19a ./Core/Src/main.o
 .debug_macro   0x0003449f      0x2f7 ./Core/Src/main.o
 .debug_macro   0x00034796       0x10 ./Core/Src/main.o
 .debug_macro   0x000347a6       0x10 ./Core/Src/main.o
 .debug_macro   0x000347b6       0x2e ./Core/Src/main.o
 .debug_macro   0x000347e4       0x1c ./Core/Src/main.o
 .debug_macro   0x00034800       0x3c ./Core/Src/main.o
 .debug_macro   0x0003483c       0x10 ./Core/Src/main.o
 .debug_macro   0x0003484c       0x1c ./Core/Src/main.o
 .debug_macro   0x00034868       0x16 ./Core/Src/main.o
 .debug_macro   0x0003487e      0x146 ./Core/Src/main.o
 .debug_macro   0x000349c4      0x355 ./Core/Src/stm32u5xx_hal_msp.o
 .debug_macro   0x00034d19      0x35f ./Core/Src/stm32u5xx_it.o
 .debug_macro   0x00035078      0x116 ./Core/Src/sysmem.o
 .debug_macro   0x0003518e      0x23c ./Core/Src/sysmem.o
 .debug_macro   0x000353ca      0x2f3 ./Core/Src/system_stm32u5xx.o
 .debug_macro   0x000356bd      0x314 ./Core/Src/veml6030.o
 .debug_macro   0x000359d1      0x310 ./Drivers/STM32U5xx_HAL_Driver/Src/stm32u5xx_hal.o
 .debug_macro   0x00035ce1      0x2ec ./Drivers/STM32U5xx_HAL_Driver/Src/stm32u5xx_hal_cortex.o
 .debug_macro   0x00035fcd      0x36b ./Drivers/STM32U5xx_HAL_Driver/Src/stm32u5xx_hal_cryp.o
 .debug_macro   0x00036338      0x2ed ./Drivers/STM32U5xx_HAL_Driver/Src/stm32u5xx_hal_dma.o
 .debug_macro   0x00036625      0x321 ./Drivers/STM32U5xx_HAL_Driver/Src/stm32u5xx_hal_gpio.o
 .debug_macro   0x00036946      0x3b8 ./Drivers/STM32U5xx_HAL_Driver/Src/stm32u5xx_hal_i2c.o
 .debug_macro   0x00036cfe      0x2ec ./Drivers/STM32U5xx_HAL_Driver/Src/stm32u5xx_hal_i2c_ex.o
 .debug_macro   0x00036fea      0x31e ./Drivers/STM32U5xx_HAL_Driver/Src/stm32u5xx_hal_icache.o
 .debug_macro   0x00037308      0x333 ./Drivers/STM32U5xx_HAL_Driver/Src/stm32u5xx_hal_ospi.o
 .debug_macro   0x0003763b      0x2f8 ./Drivers/STM32U5xx_HAL_Driver/Src/stm32u5xx_hal_pcd.o
 .debug_macro   0x00037933      0x2ec ./Drivers/STM32U5xx_HAL_Driver/Src/stm32u5xx_hal_pcd_ex.o
 .debug_macro   0x00037c1f      0x317 ./Drivers/STM32U5xx_HAL_Driver/Src/stm32u5xx_hal_pwr_ex.o
 .debug_macro   0x00037f36      0x3f2 ./Drivers/STM32U5xx_HAL_Driver/Src/stm32u5xx_hal_rcc.o
 .debug_macro   0x00038328      0x41d ./Drivers/STM32U5xx_HAL_Driver/Src/stm32u5xx_hal_rcc_ex.o
 .debug_macro   0x00038745      0x2f4 ./Drivers/STM32U5xx_HAL_Driver/Src/stm32u5xx_hal_spi.o
 .debug_macro   0x00038a39      0x2ec ./Drivers/STM32U5xx_HAL_Driver/Src/stm32u5xx_hal_spi_ex.o
 .debug_macro   0x00038d25      0x317 ./Drivers/STM32U5xx_HAL_Driver/Src/stm32u5xx_hal_uart.o
 .debug_macro   0x0003903c      0x2f8 ./Drivers/STM32U5xx_HAL_Driver/Src/stm32u5xx_hal_uart_ex.o
 .debug_macro   0x00039334      0x2fe ./Drivers/STM32U5xx_HAL_Driver/Src/stm32u5xx_ll_dlyb.o
 .debug_macro   0x00039632      0x32e ./Drivers/STM32U5xx_HAL_Driver/Src/stm32u5xx_ll_gpio.o
 .debug_macro   0x00039960      0x161 ./Drivers/STM32U5xx_HAL_Driver/Src/stm32u5xx_ll_gpio.o
 .debug_macro   0x00039ac1      0x2ec ./Drivers/STM32U5xx_HAL_Driver/Src/stm32u5xx_ll_usb.o

.debug_line     0x00000000    0x26084
 .debug_line    0x00000000      0x9b1 ./Core/Src/ble_hci.o
 .debug_line    0x000009b1      0xa1a ./Core/Src/lps22hh.o