../Drivers/STM32U5xx_HAL_Driver/Inc/stm32u5xx_ll_bus.h:845:22:LL_AHB2_GRP1_EnableClock	24	static
../Drivers/STM32U5xx_HAL_Driver/Inc/stm32u5xx_ll_bus.h:1895:22:LL_APB1_GRP2_EnableClock	24	static
../Core/Src/main.c:105:5:main	32	static
../Core/Src/main.c:194:6:SystemClock_Config	128	static
../Core/Src/main.c:252:13:SystemPower_Config	8	static
../Core/Src/main.c:272:13:MX_AES_Init	8	static
../Core/Src/main.c:306:13:MX_I2C1_Init	8	static
../Core/Src/main.c:354:13:MX_I2C2_Init	8	static
../Core/Src/main.c:402:13:MX_ICACHE_Init	8	static
../Core/Src/main.c:434:13:MX_OCTOSPI1_Init	40	static
../Core/Src/main.c:493:13:MX_OCTOSPI2_Init	40	static
../Core/Src/main.c:553:13:MX_SPI2_Init	24	static
../Core/Src/main.c:610:13:MX_UART4_Init	8	static
../Core/Src/main.c:658:13:MX_USART1_UART_Init	8	static
../Core/Src/main.c:706:13:MX_UCPD1_Init	32	static
../Core/Src/main.c:748:13:MX_USB_OTG_FS_PCD_Init	8	static
../Core/Src/main.c:784:13:MX_GPIO_Init	64	static
../Core/Src/main.c:946:10:Format_And_Encrypt_Data	112	static
../Core/Src/main.c:977:6:Error_Handler	4	static,ignoring_inline_asm
